Archive member included to satisfy reference by file (symbol)

e:/myinstall/arm-none-eabi/bin/../lib/gcc/arm-none-eabi/10.3.1/thumb/v7e-m/nofp\libgcc.a(_arm_addsubdf3.o)
                              CMakeFiles/stablex.elf.dir/Core/Src/main.c.obj (__aeabi_f2d)
e:/myinstall/arm-none-eabi/bin/../lib/gcc/arm-none-eabi/10.3.1/thumb/v7e-m/nofp\libgcc.a(_arm_addsubsf3.o)
                              CMakeFiles/stablex.elf.dir/Core/Src/main.c.obj (__aeabi_i2f)
e:/myinstall/arm-none-eabi/bin/../lib/gcc/arm-none-eabi/10.3.1/thumb/v7e-m/nofp\libgcc.a(_arm_muldivsf3.o)
                              CMakeFiles/stablex.elf.dir/Core/Src/main.c.obj (__aeabi_fdiv)
e:/myinstall/arm-none-eabi/bin/../lib/gcc/arm-none-eabi/10.3.1/thumb/v7e-m/nofp\libgcc.a(_aeabi_uldivmod.o)
                              CMakeFiles/stablex.elf.dir/Drivers/STM32G4xx_HAL_Driver/Src/stm32g4xx_hal_uart.c.obj (__aeabi_uldivmod)
e:/myinstall/arm-none-eabi/bin/../lib/gcc/arm-none-eabi/10.3.1/thumb/v7e-m/nofp\libgcc.a(_udivmoddi4.o)
                              e:/myinstall/arm-none-eabi/bin/../lib/gcc/arm-none-eabi/10.3.1/thumb/v7e-m/nofp\libgcc.a(_aeabi_uldivmod.o) (__udivmoddi4)
e:/myinstall/arm-none-eabi/bin/../lib/gcc/arm-none-eabi/10.3.1/thumb/v7e-m/nofp\libgcc.a(_dvmd_tls.o)
                              e:/myinstall/arm-none-eabi/bin/../lib/gcc/arm-none-eabi/10.3.1/thumb/v7e-m/nofp\libgcc.a(_aeabi_uldivmod.o) (__aeabi_ldiv0)
e:/myinstall/arm-none-eabi/bin/../lib/gcc/arm-none-eabi/10.3.1/../../../../arm-none-eabi/lib/thumb/v7e-m/nofp\libg.a(lib_a-errno.o)
                              CMakeFiles/stablex.elf.dir/Core/Src/syscalls.c.obj (__errno)
e:/myinstall/arm-none-eabi/bin/../lib/gcc/arm-none-eabi/10.3.1/../../../../arm-none-eabi/lib/thumb/v7e-m/nofp\libg.a(lib_a-exit.o)
                              e:/myinstall/arm-none-eabi/bin/../lib/gcc/arm-none-eabi/10.3.1/../../../../arm-none-eabi/lib/thumb/v7e-m/nofp/crt0.o (exit)
e:/myinstall/arm-none-eabi/bin/../lib/gcc/arm-none-eabi/10.3.1/../../../../arm-none-eabi/lib/thumb/v7e-m/nofp\libg.a(lib_a-impure.o)
                              e:/myinstall/arm-none-eabi/bin/../lib/gcc/arm-none-eabi/10.3.1/../../../../arm-none-eabi/lib/thumb/v7e-m/nofp\libg.a(lib_a-exit.o) (_global_impure_ptr)
e:/myinstall/arm-none-eabi/bin/../lib/gcc/arm-none-eabi/10.3.1/../../../../arm-none-eabi/lib/thumb/v7e-m/nofp\libg.a(lib_a-init.o)
                              e:/myinstall/arm-none-eabi/bin/../lib/gcc/arm-none-eabi/10.3.1/../../../../arm-none-eabi/lib/thumb/v7e-m/nofp/crt0.o (__libc_init_array)
e:/myinstall/arm-none-eabi/bin/../lib/gcc/arm-none-eabi/10.3.1/../../../../arm-none-eabi/lib/thumb/v7e-m/nofp\libg.a(lib_a-memset.o)
                              e:/myinstall/arm-none-eabi/bin/../lib/gcc/arm-none-eabi/10.3.1/../../../../arm-none-eabi/lib/thumb/v7e-m/nofp/crt0.o (memset)
e:/myinstall/arm-none-eabi/bin/../lib/gcc/arm-none-eabi/10.3.1/../../../../arm-none-eabi/lib/thumb/v7e-m/nofp\libg.a(lib_a-sprintf.o)
                              CMakeFiles/stablex.elf.dir/Core/Src/main.c.obj (sprintf)
e:/myinstall/arm-none-eabi/bin/../lib/gcc/arm-none-eabi/10.3.1/../../../../arm-none-eabi/lib/thumb/v7e-m/nofp\libg.a(lib_a-strlen.o)
                              CMakeFiles/stablex.elf.dir/Core/Src/main.c.obj (strlen)
e:/myinstall/arm-none-eabi/bin/../lib/gcc/arm-none-eabi/10.3.1/../../../../arm-none-eabi/lib/thumb/v7e-m/nofp\libg.a(lib_a-svfprintf.o)
                              e:/myinstall/arm-none-eabi/bin/../lib/gcc/arm-none-eabi/10.3.1/../../../../arm-none-eabi/lib/thumb/v7e-m/nofp\libg.a(lib_a-sprintf.o) (_svfprintf_r)
e:/myinstall/arm-none-eabi/bin/../lib/gcc/arm-none-eabi/10.3.1/../../../../arm-none-eabi/lib/thumb/v7e-m/nofp\libg.a(lib_a-__call_atexit.o)
                              e:/myinstall/arm-none-eabi/bin/../lib/gcc/arm-none-eabi/10.3.1/../../../../arm-none-eabi/lib/thumb/v7e-m/nofp\libg.a(lib_a-exit.o) (__call_exitprocs)
e:/myinstall/arm-none-eabi/bin/../lib/gcc/arm-none-eabi/10.3.1/../../../../arm-none-eabi/lib/thumb/v7e-m/nofp\libg.a(lib_a-atexit.o)
                              e:/myinstall/arm-none-eabi/bin/../lib/gcc/arm-none-eabi/10.3.1/../../../../arm-none-eabi/lib/thumb/v7e-m/nofp\libg.a(lib_a-__call_atexit.o) (atexit)
e:/myinstall/arm-none-eabi/bin/../lib/gcc/arm-none-eabi/10.3.1/../../../../arm-none-eabi/lib/thumb/v7e-m/nofp\libg.a(lib_a-dtoa.o)
                              e:/myinstall/arm-none-eabi/bin/../lib/gcc/arm-none-eabi/10.3.1/../../../../arm-none-eabi/lib/thumb/v7e-m/nofp\libg.a(lib_a-svfprintf.o) (_dtoa_r)
e:/myinstall/arm-none-eabi/bin/../lib/gcc/arm-none-eabi/10.3.1/../../../../arm-none-eabi/lib/thumb/v7e-m/nofp\libg.a(lib_a-fini.o)
                              e:/myinstall/arm-none-eabi/bin/../lib/gcc/arm-none-eabi/10.3.1/../../../../arm-none-eabi/lib/thumb/v7e-m/nofp\libg.a(lib_a-__call_atexit.o) (__libc_fini_array)
e:/myinstall/arm-none-eabi/bin/../lib/gcc/arm-none-eabi/10.3.1/../../../../arm-none-eabi/lib/thumb/v7e-m/nofp\libg.a(lib_a-freer.o)
[...]
Memory Configuration

Name             Origin             Length             Attributes
RAM              0x20000000         0x00008000         xrw
FLASH            0x08000000         0x00020000         xr
*default*        0x00000000         0xffffffff

Linker script and memory map

LOAD e:/myinstall/arm-none-eabi/bin/../lib/gcc/arm-none-eabi/10.3.1/thumb/v7e-m/nofp/crti.o
LOAD e:/myinstall/arm-none-eabi/bin/../lib/gcc/arm-none-eabi/10.3.1/thumb/v7e-m/nofp/crtbegin.o
LOAD e:/myinstall/arm-none-eabi/bin/../lib/gcc/arm-none-eabi/10.3.1/../../../../arm-none-eabi/lib/thumb/v7e-m/nofp/crt0.o
LOAD CMakeFiles/stablex.elf.dir/Core/Src/gpio.c.obj
LOAD CMakeFiles/stablex.elf.dir/Core/Src/i2c.c.obj
LOAD CMakeFiles/stablex.elf.dir/Core/Src/main.c.obj
LOAD CMakeFiles/stablex.elf.dir/Core/Src/stm32g4xx_hal_msp.c.obj
LOAD CMakeFiles/stablex.elf.dir/Core/Src/stm32g4xx_it.c.obj
LOAD CMakeFiles/stablex.elf.dir/Core/Src/syscalls.c.obj
LOAD CMakeFiles/stablex.elf.dir/Core/Src/sysmem.c.obj
LOAD CMakeFiles/stablex.elf.dir/Core/Src/system_stm32g4xx.c.obj
LOAD CMakeFiles/stablex.elf.dir/Core/Src/usart.c.obj
LOAD CMakeFiles/stablex.elf.dir/Core/Startup/startup_stm32g431cbtx.s.obj
LOAD CMakeFiles/stablex.elf.dir/Drivers/STM32G4xx_HAL_Driver/Src/stm32g4xx_hal.c.obj
LOAD CMakeFiles/stablex.elf.dir/Drivers/STM32G4xx_HAL_Driver/Src/stm32g4xx_hal_cortex.c.obj
LOAD CMakeFiles/stablex.elf.dir/Drivers/STM32G4xx_HAL_Driver/Src/stm32g4xx_hal_dma.c.obj
LOAD CMakeFiles/stablex.elf.dir/Drivers/STM32G4xx_HAL_Driver/Src/stm32g4xx_hal_dma_ex.c.obj
LOAD CMakeFiles/stablex.elf.dir/Drivers/STM32G4xx_HAL_Driver/Src/stm32g4xx_hal_exti.c.obj
LOAD CMakeFiles/stablex.elf.dir/Drivers/STM32G4xx_HAL_Driver/Src/stm32g4xx_hal_flash.c.obj
LOAD CMakeFiles/stablex.elf.dir/Drivers/STM32G4xx_HAL_Driver/Src/stm32g4xx_hal_flash_ex.c.obj
LOAD CMakeFiles/stablex.elf.dir/Drivers/STM32G4xx_HAL_Driver/Src/stm32g4xx_hal_flash_ramfunc.c.obj
LOAD CMakeFiles/stablex.elf.dir/Drivers/STM32G4xx_HAL_Driver/Src/stm32g4xx_hal_gpio.c.obj
LOAD CMakeFiles/stablex.elf.dir/Drivers/STM32G4xx_HAL_Driver/Src/stm32g4xx_hal_i2c.c.obj
LOAD CMakeFiles/stablex.elf.dir/Drivers/STM32G4xx_HAL_Driver/Src/stm32g4xx_hal_i2c_ex.c.obj
LOAD CMakeFiles/stablex.elf.dir/Drivers/STM32G4xx_HAL_Driver/Src/stm32g4xx_hal_pcd.c.obj
LOAD CMakeFiles/stablex.elf.dir/Drivers/STM32G4xx_HAL_Driver/Src/stm32g4xx_hal_pcd_ex.c.obj
LOAD CMakeFiles/stablex.elf.dir/Drivers/STM32G4xx_HAL_Driver/Src/stm32g4xx_hal_pwr.c.obj
LOAD CMakeFiles/stablex.elf.dir/Drivers/STM32G4xx_HAL_Driver/Src/stm32g4xx_hal_pwr_ex.c.obj
LOAD CMakeFiles/stablex.elf.dir/Drivers/STM32G4xx_HAL_Driver/Src/stm32g4xx_hal_rcc.c.obj
LOAD CMakeFiles/stablex.elf.dir/Drivers/STM32G4xx_HAL_Driver/Src/stm32g4xx_hal_rcc_ex.c.obj
LOAD CMakeFiles/stablex.elf.dir/Drivers/STM32G4xx_HAL_Driver/Src/stm32g4xx_hal_tim.c.obj
LOAD CMakeFiles/stablex.elf.dir/Drivers/STM32G4xx_HAL_Driver/Src/stm32g4xx_hal_tim_ex.c.obj
LOAD CMakeFiles/stablex.elf.dir/Drivers/STM32G4xx_HAL_Driver/Src/stm32g4xx_hal_uart.c.obj
LOAD CMakeFiles/stablex.elf.dir/Drivers/STM32G4xx_HAL_Driver/Src/stm32g4xx_hal_uart_ex.c.obj
LOAD CMakeFiles/stablex.elf.dir/Drivers/STM32G4xx_HAL_Driver/Src/stm32g4xx_ll_usb.c.obj
LOAD CMakeFiles/stablex.elf.dir/Middlewares/ST/STM32_USB_Device_Library/Class/CDC/Src/usbd_cdc.c.obj
LOAD CMakeFiles/stablex.elf.dir/Middlewares/ST/STM32_USB_Device_Library/Core/Src/usbd_core.c.obj
LOAD CMakeFiles/stablex.elf.dir/Middlewares/ST/STM32_USB_Device_Library/Core/Src/usbd_ctlreq.c.obj
LOAD CMakeFiles/stablex.elf.dir/Middlewares/ST/STM32_USB_Device_Library/Core/Src/usbd_ioreq.c.obj
LOAD CMakeFiles/stablex.elf.dir/USB_Device/App/usb_device.c.obj
LOAD CMakeFiles/stablex.elf.dir/USB_Device/App/usbd_cdc_if.c.obj
LOAD CMakeFiles/stablex.elf.dir/USB_Device/App/usbd_desc.c.obj
LOAD CMakeFiles/stablex.elf.dir/USB_Device/Target/usbd_conf.c.obj
START GROUP
LOAD e:/myinstall/arm-none-eabi/bin/../lib/gcc/arm-none-eabi/10.3.1/thumb/v7e-m/nofp\libgcc.a
LOAD e:/myinstall/arm-none-eabi/bin/../lib/gcc/arm-none-eabi/10.3.1/../../../../arm-none-eabi/lib/thumb/v7e-m/nofp\libg.a
LOAD e:/myinstall/arm-none-eabi/bin/../lib/gcc/arm-none-eabi/10.3.1/../../../../arm-none-eabi/lib/thumb/v7e-m/nofp\libc.a
END GROUP
LOAD e:/myinstall/arm-none-eabi/bin/../lib/gcc/arm-none-eabi/10.3.1/thumb/v7e-m/nofp/crtend.o
LOAD e:/myinstall/arm-none-eabi/bin/../lib/gcc/arm-none-eabi/10.3.1/thumb/v7e-m/nofp/crtn.o
                0x20008000                _estack = (ORIGIN (RAM) + LENGTH (RAM))
                0x00000200                _Min_Heap_Size = 0x200
                0x00000400                _Min_Stack_Size = 0x400

.isr_vector     0x08000000      0x1d8
                0x08000000                . = ALIGN (0x4)
 *(.isr_vector)
 .isr_vector    0x08000000      0x1d8 CMakeFiles/stablex.elf.dir/Core/Startup/startup_stm32g431cbtx.s.obj
                0x08000000                g_pfnVectors
                0x080001d8                . = ALIGN (0x4)

.text           0x08000200     0xca00
                0x08000200                . = ALIGN (0x4)
 *(.text)
 .text          0x08000200       0x40 e:/myinstall/arm-none-eabi/bin/../lib/gcc/arm-none-eabi/10.3.1/thumb/v7e-m/nofp/crtbegin.o
 .text          0x08000240      0x378 e:/myinstall/arm-none-eabi/bin/../lib/gcc/arm-none-eabi/10.3.1/thumb/v7e-m/nofp\libgcc.a(_arm_addsubdf3.o)
                0x08000240                __aeabi_drsub
                0x08000248                __aeabi_dsub
                0x08000248                __subdf3
                0x0800024c                __aeabi_dadd
                0x0800024c                __adddf3
                0x080004c4                __floatunsidf
                0x080004c4                __aeabi_ui2d
                0x080004e4                __floatsidf
                0x080004e4                __aeabi_i2d
                0x08000508                __aeabi_f2d
                0x08000508                __extendsfdf2
                0x0800054c                __floatundidf
                0x0800054c                __aeabi_ul2d
                0x0800055c                __floatdidf
                0x0800055c                __aeabi_l2d
 .text          0x080005b8      0x21c e:/myinstall/arm-none-eabi/bin/../lib/gcc/arm-none-eabi/10.3.1/thumb/v7e-m/nofp\libgcc.a(_arm_addsubsf3.o)
                0x080005b8                __aeabi_frsub
                0x080005c0                __subsf3
                0x080005c0                __aeabi_fsub
                0x080005c4                __aeabi_fadd
                0x080005c4                __addsf3
                0x08000724                __aeabi_ui2f
                0x08000724                __floatunsisf
                0x0800072c                __aeabi_i2f
                0x0800072c                __floatsisf
                0x08000748                __aeabi_ul2f
                0x08000748                __floatundisf
                0x08000758                __aeabi_l2f
                0x08000758                __floatdisf
 .text          0x080007d4      0x2a0 e:/myinstall/arm-none-eabi/bin/../lib/gcc/arm-none-eabi/10.3.1/thumb/v7e-m/nofp\libgcc.a(_arm_muldivsf3.o)
                0x080007d4                __mulsf3
                0x080007d4                __aeabi_fmul
                0x0800093c                __aeabi_fdiv
                0x0800093c                __divsf3
 .text          0x08000a74       0x30 e:/myinstall/arm-none-eabi/bin/../lib/gcc/arm-none-eabi/10.3.1/thumb/v7e-m/nofp\libgcc.a(_aeabi_uldivmod.o)
                0x08000a74                __aeabi_uldivmod
 .text          0x08000aa4      0x2d0 e:/myinstall/arm-none-eabi/bin/../lib/gcc/arm-none-eabi/10.3.1/thumb/v7e-m/nofp\libgcc.a(_udivmoddi4.o)
                0x08000aa4                __udivmoddi4
 .text          0x08000d74        0x4 e:/myinstall/arm-none-eabi/bin/../lib/gcc/arm-none-eabi/10.3.1/thumb/v7e-m/nofp\libgcc.a(_dvmd_tls.o)
                0x08000d74                __aeabi_idiv0
                0x08000d74                __aeabi_ldiv0
 *fill*         0x08000d78        0x8 
 .text          0x08000d80       0xdc e:/myinstall/arm-none-eabi/bin/../lib/gcc/arm-none-eabi/10.3.1/../../../../arm-none-eabi/lib/thumb/v7e-m/nofp\libg.a(lib_a-strlen.o)
                0x08000d80                strlen
 *fill*         0x08000e5c        0x4 
 .text          0x08000e60       0xa0 e:/myinstall/arm-none-eabi/bin/../lib/gcc/arm-none-eabi/10.3.1/../../../../arm-none-eabi/lib/thumb/v7e-m/nofp\libg.a(lib_a-memchr.o)
                0x08000e60                memchr
 .text          0x08000f00      0x134 e:/myinstall/arm-none-eabi/bin/../lib/gcc/arm-none-eabi/10.3.1/../../../../arm-none-eabi/lib/thumb/v7e-m/nofp\libg.a(lib_a-memcpy.o)
                0x08000f00                memcpy
 .text          0x08001034      0x424 e:/myinstall/arm-none-eabi/bin/../lib/gcc/arm-none-eabi/10.3.1/thumb/v7e-m/nofp\libgcc.a(_arm_muldivdf3.o)
                0x08001034                __aeabi_dmul
                0x08001034                __muldf3
                0x08001288                __divdf3
                0x08001288                __aeabi_ddiv
 .text          0x08001458      0x110 e:/myinstall/arm-none-eabi/bin/../lib/gcc/arm-none-eabi/10.3.1/thumb/v7e-m/nofp\libgcc.a(_arm_cmpdf2.o)
                0x08001458                __gtdf2
                0x08001458                __gedf2
                0x08001460                __ltdf2
                0x08001460                __ledf2
                0x08001468                __nedf2
                0x08001468                __eqdf2
                0x08001468                __cmpdf2
                0x080014e4                __aeabi_cdrcmple
                0x080014f4                __aeabi_cdcmpeq
                0x080014f4                __aeabi_cdcmple
                0x08001504                __aeabi_dcmpeq
                0x08001518                __aeabi_dcmplt
                0x0800152c                __aeabi_dcmple
                0x08001540                __aeabi_dcmpge
                0x08001554                __aeabi_dcmpgt
 .text          0x08001568       0x2c e:/myinstall/arm-none-eabi/bin/../lib/gcc/arm-none-eabi/10.3.1/thumb/v7e-m/nofp\libgcc.a(_arm_unorddf2.o)
                0x08001568                __unorddf2
                0x08001568                __aeabi_dcmpun
 .text          0x08001594       0x50 e:/myinstall/arm-none-eabi/bin/../lib/gcc/arm-none-eabi/10.3.1/thumb/v7e-m/nofp\libgcc.a(_arm_fixdfsi.o)
                0x08001594                __aeabi_d2iz
                0x08001594                __fixdfsi
 *(.text*)
 .text.MX_GPIO_Init
                0x080015e4       0x84 CMakeFiles/stablex.elf.dir/Core/Src/gpio.c.obj
                0x080015e4                MX_GPIO_Init
 .text.MX_I2C1_Init
                0x08001668       0x58 CMakeFiles/stablex.elf.dir/Core/Src/i2c.c.obj
                0x08001668                MX_I2C1_Init
 .text.HAL_I2C_MspInit
                0x080016c0       0xb4 CMakeFiles/stablex.elf.dir/Core/Src/i2c.c.obj
                0x080016c0                HAL_I2C_MspInit
 .text.Error_Handler
                0x08001774        0x4 CMakeFiles/stablex.elf.dir/Core/Src/main.c.obj
                0x08001774                Error_Handler
 .text.SystemClock_Config
                0x08001778       0x70 CMakeFiles/stablex.elf.dir/Core/Src/main.c.obj
                0x08001778                SystemClock_Config
 .text.main     0x080017e8      0x18c CMakeFiles/stablex.elf.dir/Core/Src/main.c.obj
                0x080017e8                main
 .text.HAL_MspInit
                0x08001974       0x38 CMakeFiles/stablex.elf.dir/Core/Src/stm32g4xx_hal_msp.c.obj
                0x08001974                HAL_MspInit
 .text.NMI_Handler
                0x080019ac        0x2 CMakeFiles/stablex.elf.dir/Core/Src/stm32g4xx_it.c.obj
                0x080019ac                NMI_Handler
 .text.HardFault_Handler
                0x080019ae        0x2 CMakeFiles/stablex.elf.dir/Core/Src/stm32g4xx_it.c.obj
                0x080019ae                HardFault_Handler
 .text.MemManage_Handler
                0x080019b0        0x2 CMakeFiles/stablex.elf.dir/Core/Src/stm32g4xx_it.c.obj
                0x080019b0                MemManage_Handler
 .text.BusFault_Handler
                0x080019b2        0x2 CMakeFiles/stablex.elf.dir/Core/Src/stm32g4xx_it.c.obj
                0x080019b2                BusFault_Handler
 .text.UsageFault_Handler
                0x080019b4        0x2 CMakeFiles/stablex.elf.dir/Core/Src/stm32g4xx_it.c.obj
                0x080019b4                UsageFault_Handler
 .text.SVC_Handler
                0x080019b6        0x2 CMakeFiles/stablex.elf.dir/Core/Src/stm32g4xx_it.c.obj
                0x080019b6                SVC_Handler
 .text.DebugMon_Handler
                0x080019b8        0x2 CMakeFiles/stablex.elf.dir/Core/Src/stm32g4xx_it.c.obj
                0x080019b8                DebugMon_Handler
 .text.PendSV_Handler
                0x080019ba        0x2 CMakeFiles/stablex.elf.dir/Core/Src/stm32g4xx_it.c.obj
                0x080019ba                PendSV_Handler
 .text.SysTick_Handler
                0x080019bc        0x8 CMakeFiles/stablex.elf.dir/Core/Src/stm32g4xx_it.c.obj
                0x080019bc                SysTick_Handler
 .text.USB_LP_IRQHandler
                0x080019c4       0x10 CMakeFiles/stablex.elf.dir/Core/Src/stm32g4xx_it.c.obj
                0x080019c4                USB_LP_IRQHandler
 .text._getpid  0x080019d4        0x4 CMakeFiles/stablex.elf.dir/Core/Src/syscalls.c.obj
                0x080019d4                _getpid
 .text._kill    0x080019d8       0x10 CMakeFiles/stablex.elf.dir/Core/Src/syscalls.c.obj
                0x080019d8                _kill
 .text._exit    0x080019e8        0xc CMakeFiles/stablex.elf.dir/Core/Src/syscalls.c.obj
                0x080019e8                _exit
 .text._read    0x080019f4       0x20 CMakeFiles/stablex.elf.dir/Core/Src/syscalls.c.obj
                0x080019f4                _read
 .text._write   0x08001a14       0x1c CMakeFiles/stablex.elf.dir/Core/Src/syscalls.c.obj
                0x08001a14                _write
 .text._close   0x08001a30        0x6 CMakeFiles/stablex.elf.dir/Core/Src/syscalls.c.obj
                0x08001a30                _close
 .text._fstat   0x08001a36        0xa CMakeFiles/stablex.elf.dir/Core/Src/syscalls.c.obj
                0x08001a36                _fstat
 .text._isatty  0x08001a40        0x4 CMakeFiles/stablex.elf.dir/Core/Src/syscalls.c.obj
                0x08001a40                _isatty
 .text._lseek   0x08001a44        0x4 CMakeFiles/stablex.elf.dir/Core/Src/syscalls.c.obj
                0x08001a44                _lseek
 .text._sbrk    0x08001a48       0x48 CMakeFiles/stablex.elf.dir/Core/Src/sysmem.c.obj
                0x08001a48                _sbrk
 .text.SystemInit
                0x08001a90        0x2 CMakeFiles/stablex.elf.dir/Core/Src/system_stm32g4xx.c.obj
                0x08001a90                SystemInit
 *fill*         0x08001a92        0x2 
 .text.MX_USART1_UART_Init
                0x08001a94       0x68 CMakeFiles/stablex.elf.dir/Core/Src/usart.c.obj
                0x08001a94                MX_USART1_UART_Init
 .text.MX_USART2_UART_Init
                0x08001afc       0x68 CMakeFiles/stablex.elf.dir/Core/Src/usart.c.obj
                0x08001afc                MX_USART2_UART_Init
 .text.MX_USART3_UART_Init
                0x08001b64       0x68 CMakeFiles/stablex.elf.dir/Core/Src/usart.c.obj
                0x08001b64                MX_USART3_UART_Init
 .text.HAL_UART_MspInit
                0x08001bcc      0x14c CMakeFiles/stablex.elf.dir/Core/Src/usart.c.obj
                0x08001bcc                HAL_UART_MspInit
 .text.Reset_Handler
                0x08001d18       0x50 CMakeFiles/stablex.elf.dir/Core/Startup/startup_stm32g431cbtx.s.obj
                0x08001d18                Reset_Handler
 .text.Default_Handler
                0x08001d68        0x2 CMakeFiles/stablex.elf.dir/Core/Startup/startup_stm32g431cbtx.s.obj
                0x08001d68                RTC_Alarm_IRQHandler
                0x08001d68                EXTI2_IRQHandler
                0x08001d68                TIM8_TRG_COM_IRQHandler
                0x08001d68                TIM8_CC_IRQHandler
                0x08001d68                TIM1_CC_IRQHandler
                0x08001d68                USB_HP_IRQHandler
                0x08001d68                CORDIC_IRQHandler
                0x08001d68                EXTI3_IRQHandler
                0x08001d68                I2C3_ER_IRQHandler
                0x08001d68                EXTI0_IRQHandler
                0x08001d68                I2C2_EV_IRQHandler
                0x08001d68                FPU_IRQHandler
                0x08001d68                FDCAN1_IT1_IRQHandler
                0x08001d68                TIM1_UP_TIM16_IRQHandler
                0x08001d68                ADC1_2_IRQHandler
                0x08001d68                SPI1_IRQHandler
                0x08001d68                TIM6_DAC_IRQHandler
                0x08001d68                TIM8_UP_IRQHandler
                0x08001d68                DMA2_Channel2_IRQHandler
                0x08001d68                DMA1_Channel4_IRQHandler
                0x08001d68                USART3_IRQHandler
                0x08001d68                TIM4_IRQHandler
                0x08001d68                DMA2_Channel1_IRQHandler
                0x08001d68                I2C1_EV_IRQHandler
                0x08001d68                DMA1_Channel6_IRQHandler
                0x08001d68                UART4_IRQHandler
                0x08001d68                DMA2_Channel4_IRQHandler
                0x08001d68                TIM3_IRQHandler
                0x08001d68                RCC_IRQHandler
                0x08001d68                DMA1_Channel1_IRQHandler
                0x08001d68                Default_Handler
                0x08001d68                RTC_TAMP_LSECSS_IRQHandler
                0x08001d68                FMAC_IRQHandler
                0x08001d68                EXTI15_10_IRQHandler
                0x08001d68                TIM7_IRQHandler
                0x08001d68                UCPD1_IRQHandler
                0x08001d68                I2C3_EV_IRQHandler
                0x08001d68                EXTI9_5_IRQHandler
                0x08001d68                RTC_WKUP_IRQHandler
                0x08001d68                PVD_PVM_IRQHandler
                0x08001d68                SPI2_IRQHandler
                0x08001d68                DMA2_Channel5_IRQHandler
                0x08001d68                CRS_IRQHandler
                0x08001d68                DMA1_Channel5_IRQHandler
                0x08001d68                EXTI4_IRQHandler
                0x08001d68                RNG_IRQHandler
                0x08001d68                TIM1_TRG_COM_TIM17_IRQHandler
                0x08001d68                DMA1_Channel3_IRQHandler
                0x08001d68                WWDG_IRQHandler
                0x08001d68                LPUART1_IRQHandler
                0x08001d68                DMA2_Channel6_IRQHandler
                0x08001d68                FDCAN1_IT0_IRQHandler
                0x08001d68                TIM2_IRQHandler
                0x08001d68                COMP1_2_3_IRQHandler
                0x08001d68                EXTI1_IRQHandler
                0x08001d68                USART2_IRQHandler
                0x08001d68                I2C2_ER_IRQHandler
                0x08001d68                DMA1_Channel2_IRQHandler
                0x08001d68                TIM8_BRK_IRQHandler
                0x08001d68                FLASH_IRQHandler
                0x08001d68                USART1_IRQHandler
                0x08001d68                SPI3_IRQHandler
                0x08001d68                I2C1_ER_IRQHandler
                0x08001d68                LPTIM1_IRQHandler
                0x08001d68                DMAMUX_OVR_IRQHandler
                0x08001d68                USBWakeUp_IRQHandler
                0x08001d68                SAI1_IRQHandler
                0x08001d68                DMA2_Channel3_IRQHandler
                0x08001d68                COMP4_IRQHandler
                0x08001d68                TIM1_BRK_TIM15_IRQHandler
 *fill*         0x08001d6a        0x2 
 .text.HAL_InitTick
                0x08001d6c       0x50 CMakeFiles/stablex.elf.dir/Drivers/STM32G4xx_HAL_Driver/Src/stm32g4xx_hal.c.obj
                0x08001d6c                HAL_InitTick
 .text.HAL_Init
                0x08001dbc       0x1e CMakeFiles/stablex.elf.dir/Drivers/STM32G4xx_HAL_Driver/Src/stm32g4xx_hal.c.obj
                0x08001dbc                HAL_Init
 *fill*         0x08001dda        0x2 
 .text.HAL_IncTick
                0x08001ddc       0x18 CMakeFiles/stablex.elf.dir/Drivers/STM32G4xx_HAL_Driver/Src/stm32g4xx_hal.c.obj
                0x08001ddc                HAL_IncTick
 .text.HAL_GetTick
                0x08001df4        0xc CMakeFiles/stablex.elf.dir/Drivers/STM32G4xx_HAL_Driver/Src/stm32g4xx_hal.c.obj
                0x08001df4                HAL_GetTick
 .text.HAL_Delay
                0x08001e00       0x28 CMakeFiles/stablex.elf.dir/Drivers/STM32G4xx_HAL_Driver/Src/stm32g4xx_hal.c.obj
                0x08001e00                HAL_Delay
 .text.HAL_NVIC_SetPriorityGrouping
                0x08001e28       0x24 CMakeFiles/stablex.elf.dir/Drivers/STM32G4xx_HAL_Driver/Src/stm32g4xx_hal_cortex.c.obj
                0x08001e28                HAL_NVIC_SetPriorityGrouping
 .text.HAL_NVIC_SetPriority
                0x08001e4c       0x70 CMakeFiles/stablex.elf.dir/Drivers/STM32G4xx_HAL_Driver/Src/stm32g4xx_hal_cortex.c.obj
                0x08001e4c                HAL_NVIC_SetPriority
 .text.HAL_NVIC_EnableIRQ
                0x08001ebc       0x1c CMakeFiles/stablex.elf.dir/Drivers/STM32G4xx_HAL_Driver/Src/stm32g4xx_hal_cortex.c.obj
                0x08001ebc                HAL_NVIC_EnableIRQ
 .text.HAL_SYSTICK_Config
                0x08001ed8       0x28 CMakeFiles/stablex.elf.dir/Drivers/STM32G4xx_HAL_Driver/Src/stm32g4xx_hal_cortex.c.obj
                0x08001ed8                HAL_SYSTICK_Config
 .text.HAL_GPIO_Init
                0x08001f00      0x1dc CMakeFiles/stablex.elf.dir/Drivers/STM32G4xx_HAL_Driver/Src/stm32g4xx_hal_gpio.c.obj
                0x08001f00                HAL_GPIO_Init
 .text.HAL_GPIO_ReadPin
                0x080020dc        0xe CMakeFiles/stablex.elf.dir/Drivers/STM32G4xx_HAL_Driver/Src/stm32g4xx_hal_gpio.c.obj
                0x080020dc                HAL_GPIO_ReadPin
 .text.HAL_GPIO_WritePin
                0x080020ea        0xa CMakeFiles/stablex.elf.dir/Drivers/STM32G4xx_HAL_Driver/Src/stm32g4xx_hal_gpio.c.obj
                0x080020ea                HAL_GPIO_WritePin
 .text.I2C_Flush_TXDR
                0x080020f4       0x22 CMakeFiles/stablex.elf.dir/Drivers/STM32G4xx_HAL_Driver/Src/stm32g4xx_hal_i2c.c.obj
 .text.I2C_TransferConfig
                0x08002116       0x3a CMakeFiles/stablex.elf.dir/Drivers/STM32G4xx_HAL_Driver/Src/stm32g4xx_hal_i2c.c.obj
 .text.I2C_IsErrorOccurred
                0x08002150      0x12c CMakeFiles/stablex.elf.dir/Drivers/STM32G4xx_HAL_Driver/Src/stm32g4xx_hal_i2c.c.obj
 .text.I2C_WaitOnTXISFlagUntilTimeout
                0x0800227c       0x56 CMakeFiles/stablex.elf.dir/Drivers/STM32G4xx_HAL_Driver/Src/stm32g4xx_hal_i2c.c.obj
 .text.I2C_WaitOnFlagUntilTimeout
                0x080022d2       0x5a CMakeFiles/stablex.elf.dir/Drivers/STM32G4xx_HAL_Driver/Src/stm32g4xx_hal_i2c.c.obj
 .text.I2C_RequestMemoryWrite
                0x0800232c       0x7c CMakeFiles/stablex.elf.dir/Drivers/STM32G4xx_HAL_Driver/Src/stm32g4xx_hal_i2c.c.obj
 .text.I2C_RequestMemoryRead
                0x080023a8       0x78 CMakeFiles/stablex.elf.dir/Drivers/STM32G4xx_HAL_Driver/Src/stm32g4xx_hal_i2c.c.obj
 .text.I2C_WaitOnSTOPFlagUntilTimeout
                0x08002420       0x50 CMakeFiles/stablex.elf.dir/Drivers/STM32G4xx_HAL_Driver/Src/stm32g4xx_hal_i2c.c.obj
 .text.HAL_I2C_Init
                0x08002470       0xbc CMakeFiles/stablex.elf.dir/Drivers/STM32G4xx_HAL_Driver/Src/stm32g4xx_hal_i2c.c.obj
                0x08002470                HAL_I2C_Init
 .text.HAL_I2C_Mem_Write
                0x0800252c      0x1a8 CMakeFiles/stablex.elf.dir/Drivers/STM32G4xx_HAL_Driver/Src/stm32g4xx_hal_i2c.c.obj
                0x0800252c                HAL_I2C_Mem_Write
 .text.HAL_I2C_Mem_Read
                0x080026d4      0x1b0 CMakeFiles/stablex.elf.dir/Drivers/STM32G4xx_HAL_Driver/Src/stm32g4xx_hal_i2c.c.obj
                0x080026d4                HAL_I2C_Mem_Read
 .text.HAL_I2CEx_ConfigAnalogFilter
                0x08002884       0x5c CMakeFiles/stablex.elf.dir/Drivers/STM32G4xx_HAL_Driver/Src/stm32g4xx_hal_i2c_ex.c.obj
                0x08002884                HAL_I2CEx_ConfigAnalogFilter
 .text.HAL_I2CEx_ConfigDigitalFilter
                0x080028e0       0x58 CMakeFiles/stablex.elf.dir/Drivers/STM32G4xx_HAL_Driver/Src/stm32g4xx_hal_i2c_ex.c.obj
                0x080028e0                HAL_I2CEx_ConfigDigitalFilter
 .text.HAL_PCD_EP_DB_Receive
                0x08002938      0x118 CMakeFiles/stablex.elf.dir/Drivers/STM32G4xx_HAL_Driver/Src/stm32g4xx_hal_pcd.c.obj
 .text.HAL_PCD_Init
                0x08002a50       0xe4 CMakeFiles/stablex.elf.dir/Drivers/STM32G4xx_HAL_Driver/Src/stm32g4xx_hal_pcd.c.obj
                0x08002a50                HAL_PCD_Init
 .text.HAL_PCD_Start
                0x08002b34       0x2a CMakeFiles/stablex.elf.dir/Drivers/STM32G4xx_HAL_Driver/Src/stm32g4xx_hal_pcd.c.obj
                0x08002b34                HAL_PCD_Start
 .text.HAL_PCD_EP_DB_Transmit
                0x08002b5e      0x410 CMakeFiles/stablex.elf.dir/Drivers/STM32G4xx_HAL_Driver/Src/stm32g4xx_hal_pcd.c.obj
 .text.PCD_EP_ISR_Handler
                0x08002f6e      0x50e CMakeFiles/stablex.elf.dir/Drivers/STM32G4xx_HAL_Driver/Src/stm32g4xx_hal_pcd.c.obj
 .text.HAL_PCD_SetAddress
                0x0800347c       0x28 CMakeFiles/stablex.elf.dir/Drivers/STM32G4xx_HAL_Driver/Src/stm32g4xx_hal_pcd.c.obj
                0x0800347c                HAL_PCD_SetAddress
 .text.HAL_PCD_IRQHandler
                0x080034a4      0x1b2 CMakeFiles/stablex.elf.dir/Drivers/STM32G4xx_HAL_Driver/Src/stm32g4xx_hal_pcd.c.obj
                0x080034a4                HAL_PCD_IRQHandler
 .text.HAL_PCD_EP_Open
                0x08003656       0x84 CMakeFiles/stablex.elf.dir/Drivers/STM32G4xx_HAL_Driver/Src/stm32g4xx_hal_pcd.c.obj
                0x08003656                HAL_PCD_EP_Open
 .text.HAL_PCD_EP_Close
                0x080036da       0x64 CMakeFiles/stablex.elf.dir/Drivers/STM32G4xx_HAL_Driver/Src/stm32g4xx_hal_pcd.c.obj
                0x080036da                HAL_PCD_EP_Close
 .text.HAL_PCD_EP_Receive
                0x0800373e       0x44 CMakeFiles/stablex.elf.dir/Drivers/STM32G4xx_HAL_Driver/Src/stm32g4xx_hal_pcd.c.obj
                0x0800373e                HAL_PCD_EP_Receive
 .text.HAL_PCD_EP_GetRxCount
                0x08003782       0x12 CMakeFiles/stablex.elf.dir/Drivers/STM32G4xx_HAL_Driver/Src/stm32g4xx_hal_pcd.c.obj
                0x08003782                HAL_PCD_EP_GetRxCount
 .text.HAL_PCD_EP_Transmit
                0x08003794       0x50 CMakeFiles/stablex.elf.dir/Drivers/STM32G4xx_HAL_Driver/Src/stm32g4xx_hal_pcd.c.obj
                0x08003794                HAL_PCD_EP_Transmit
 .text.HAL_PCD_EP_SetStall
                0x080037e4       0x6a CMakeFiles/stablex.elf.dir/Drivers/STM32G4xx_HAL_Driver/Src/stm32g4xx_hal_pcd.c.obj
                0x080037e4                HAL_PCD_EP_SetStall
 .text.HAL_PCD_EP_ClrStall
                0x0800384e       0x76 CMakeFiles/stablex.elf.dir/Drivers/STM32G4xx_HAL_Driver/Src/stm32g4xx_hal_pcd.c.obj
                0x0800384e                HAL_PCD_EP_ClrStall
 .text.HAL_PCDEx_PMAConfig
                0x080038c4       0x38 CMakeFiles/stablex.elf.dir/Drivers/STM32G4xx_HAL_Driver/Src/stm32g4xx_hal_pcd_ex.c.obj
                0x080038c4                HAL_PCDEx_PMAConfig
 .text.HAL_PCDEx_ActivateLPM
                0x080038fc       0x2c CMakeFiles/stablex.elf.dir/Drivers/STM32G4xx_HAL_Driver/Src/stm32g4xx_hal_pcd_ex.c.obj
                0x080038fc                HAL_PCDEx_ActivateLPM
 .text.HAL_PWREx_ControlVoltageScaling
                0x08003928      0x10c CMakeFiles/stablex.elf.dir/Drivers/STM32G4xx_HAL_Driver/Src/stm32g4xx_hal_pwr_ex.c.obj
                0x08003928                HAL_PWREx_ControlVoltageScaling
 .text.HAL_PWREx_DisableUCPDDeadBattery
                0x08003a34       0x10 CMakeFiles/stablex.elf.dir/Drivers/STM32G4xx_HAL_Driver/Src/stm32g4xx_hal_pwr_ex.c.obj
                0x08003a34                HAL_PWREx_DisableUCPDDeadBattery
 .text.RCC_GetSysClockFreqFromPLLSource
                0x08003a44       0x58 CMakeFiles/stablex.elf.dir/Drivers/STM32G4xx_HAL_Driver/Src/stm32g4xx_hal_rcc.c.obj
 .text.HAL_RCC_OscConfig
                0x08003a9c      0x4e8 CMakeFiles/stablex.elf.dir/Drivers/STM32G4xx_HAL_Driver/Src/stm32g4xx_hal_rcc.c.obj
                0x08003a9c                HAL_RCC_OscConfig
 .text.HAL_RCC_GetSysClockFreq
                0x08003f84       0x88 CMakeFiles/stablex.elf.dir/Drivers/STM32G4xx_HAL_Driver/Src/stm32g4xx_hal_rcc.c.obj
                0x08003f84                HAL_RCC_GetSysClockFreq
 .text.HAL_RCC_ClockConfig
                0x0800400c      0x1f8 CMakeFiles/stablex.elf.dir/Drivers/STM32G4xx_HAL_Driver/Src/stm32g4xx_hal_rcc.c.obj
                0x0800400c                HAL_RCC_ClockConfig
 .text.HAL_RCC_GetHCLKFreq
                0x08004204        0xc CMakeFiles/stablex.elf.dir/Drivers/STM32G4xx_HAL_Driver/Src/stm32g4xx_hal_rcc.c.obj
                0x08004204                HAL_RCC_GetHCLKFreq
 .text.HAL_RCC_GetPCLK1Freq
                0x08004210       0x24 CMakeFiles/stablex.elf.dir/Drivers/STM32G4xx_HAL_Driver/Src/stm32g4xx_hal_rcc.c.obj
                0x08004210                HAL_RCC_GetPCLK1Freq
 .text.HAL_RCC_GetPCLK2Freq
                0x08004234       0x24 CMakeFiles/stablex.elf.dir/Drivers/STM32G4xx_HAL_Driver/Src/stm32g4xx_hal_rcc.c.obj
                0x08004234                HAL_RCC_GetPCLK2Freq
 .text.HAL_RCCEx_PeriphCLKConfig
                0x08004258      0x2e4 CMakeFiles/stablex.elf.dir/Drivers/STM32G4xx_HAL_Driver/Src/stm32g4xx_hal_rcc_ex.c.obj
                0x08004258                HAL_RCCEx_PeriphCLKConfig
 .text.UART_SetConfig
                0x0800453c      0x344 CMakeFiles/stablex.elf.dir/Drivers/STM32G4xx_HAL_Driver/Src/stm32g4xx_hal_uart.c.obj
                0x0800453c                UART_SetConfig
 .text.UART_AdvFeatureConfig
                0x08004880       0xca CMakeFiles/stablex.elf.dir/Drivers/STM32G4xx_HAL_Driver/Src/stm32g4xx_hal_uart.c.obj
                0x08004880                UART_AdvFeatureConfig
 .text.UART_WaitOnFlagUntilTimeout
                0x0800494a       0xdc CMakeFiles/stablex.elf.dir/Drivers/STM32G4xx_HAL_Driver/Src/stm32g4xx_hal_uart.c.obj
                0x0800494a                UART_WaitOnFlagUntilTimeout
 .text.UART_CheckIdleState
                0x08004a26       0x74 CMakeFiles/stablex.elf.dir/Drivers/STM32G4xx_HAL_Driver/Src/stm32g4xx_hal_uart.c.obj
                0x08004a26                UART_CheckIdleState
 .text.HAL_UART_Init
                0x08004a9a       0x66 CMakeFiles/stablex.elf.dir/Drivers/STM32G4xx_HAL_Driver/Src/stm32g4xx_hal_uart.c.obj
                0x08004a9a                HAL_UART_Init
 .text.UARTEx_SetNbDataToProcess
                0x08004b00       0x4c CMakeFiles/stablex.elf.dir/Drivers/STM32G4xx_HAL_Driver/Src/stm32g4xx_hal_uart_ex.c.obj
 .text.HAL_UARTEx_DisableFifoMode
                0x08004b4c       0x3e CMakeFiles/stablex.elf.dir/Drivers/STM32G4xx_HAL_Driver/Src/stm32g4xx_hal_uart_ex.c.obj
                0x08004b4c                HAL_UARTEx_DisableFifoMode
 .text.HAL_UARTEx_SetTxFifoThreshold
                0x08004b8a       0x4a CMakeFiles/stablex.elf.dir/Drivers/STM32G4xx_HAL_Driver/Src/stm32g4xx_hal_uart_ex.c.obj
                0x08004b8a                HAL_UARTEx_SetTxFifoThreshold
 .text.HAL_UARTEx_SetRxFifoThreshold
                0x08004bd4       0x4a CMakeFiles/stablex.elf.dir/Drivers/STM32G4xx_HAL_Driver/Src/stm32g4xx_hal_uart_ex.c.obj
                0x08004bd4                HAL_UARTEx_SetRxFifoThreshold
 .text.USB_EnableGlobalInt
                0x08004c1e       0x12 CMakeFiles/stablex.elf.dir/Drivers/STM32G4xx_HAL_Driver/Src/stm32g4xx_ll_usb.c.obj
                0x08004c1e                USB_EnableGlobalInt
 .text.USB_DisableGlobalInt
                0x08004c30       0x14 CMakeFiles/stablex.elf.dir/Drivers/STM32G4xx_HAL_Driver/Src/stm32g4xx_ll_usb.c.obj
                0x08004c30                USB_DisableGlobalInt
 .text.USB_DevInit
                0x08004c44       0x22 CMakeFiles/stablex.elf.dir/Drivers/STM32G4xx_HAL_Driver/Src/stm32g4xx_ll_usb.c.obj
                0x08004c44                USB_DevInit
 .text.USB_ActivateEndpoint
                0x08004c66      0x39a CMakeFiles/stablex.elf.dir/Drivers/STM32G4xx_HAL_Driver/Src/stm32g4xx_ll_usb.c.obj
                0x08004c66                USB_ActivateEndpoint
 .text.USB_DeactivateEndpoint
                0x08005000      0x1d6 CMakeFiles/stablex.elf.dir/Drivers/STM32G4xx_HAL_Driver/Src/stm32g4xx_ll_usb.c.obj
                0x08005000                USB_DeactivateEndpoint
 .text.USB_EPSetStall
                0x080051d6       0x4a CMakeFiles/stablex.elf.dir/Drivers/STM32G4xx_HAL_Driver/Src/stm32g4xx_ll_usb.c.obj
                0x080051d6                USB_EPSetStall
 .text.USB_EPClearStall
                0x08005220       0xa2 CMakeFiles/stablex.elf.dir/Drivers/STM32G4xx_HAL_Driver/Src/stm32g4xx_ll_usb.c.obj
                0x08005220                USB_EPClearStall
 .text.USB_SetDevAddress
                0x080052c2        0xc CMakeFiles/stablex.elf.dir/Drivers/STM32G4xx_HAL_Driver/Src/stm32g4xx_ll_usb.c.obj
                0x080052c2                USB_SetDevAddress
 .text.USB_DevConnect
                0x080052ce       0x16 CMakeFiles/stablex.elf.dir/Drivers/STM32G4xx_HAL_Driver/Src/stm32g4xx_ll_usb.c.obj
                0x080052ce                USB_DevConnect
 .text.USB_ReadInterrupts
                0x080052e4        0x8 CMakeFiles/stablex.elf.dir/Drivers/STM32G4xx_HAL_Driver/Src/stm32g4xx_ll_usb.c.obj
                0x080052e4                USB_ReadInterrupts
 .text.USB_WritePMA
                0x080052ec       0x26 CMakeFiles/stablex.elf.dir/Drivers/STM32G4xx_HAL_Driver/Src/stm32g4xx_ll_usb.c.obj
                0x080052ec                USB_WritePMA
 .text.USB_EPStartXfer
                0x08005312      0x760 CMakeFiles/stablex.elf.dir/Drivers/STM32G4xx_HAL_Driver/Src/stm32g4xx_ll_usb.c.obj
                0x08005312                USB_EPStartXfer
 .text.USB_ReadPMA
                0x08005a72       0x2e CMakeFiles/stablex.elf.dir/Drivers/STM32G4xx_HAL_Driver/Src/stm32g4xx_ll_usb.c.obj
                0x08005a72                USB_ReadPMA
 .text.USBD_CDC_EP0_RxReady
                0x08005aa0       0x36 CMakeFiles/stablex.elf.dir/Middlewares/ST/STM32_USB_Device_Library/Class/CDC/Src/usbd_cdc.c.obj
 *fill*         0x08005ad6        0x2 
 .text.USBD_CDC_GetFSCfgDesc
                0x08005ad8        0xc CMakeFiles/stablex.elf.dir/Middlewares/ST/STM32_USB_Device_Library/Class/CDC/Src/usbd_cdc.c.obj
 .text.USBD_CDC_GetHSCfgDesc
                0x08005ae4        0xc CMakeFiles/stablex.elf.dir/Middlewares/ST/STM32_USB_Device_Library/Class/CDC/Src/usbd_cdc.c.obj
 .text.USBD_CDC_GetOtherSpeedCfgDesc
                0x08005af0        0xc CMakeFiles/stablex.elf.dir/Middlewares/ST/STM32_USB_Device_Library/Class/CDC/Src/usbd_cdc.c.obj
 .text.USBD_CDC_GetDeviceQualifierDescriptor
                0x08005afc        0xc CMakeFiles/stablex.elf.dir/Middlewares/ST/STM32_USB_Device_Library/Class/CDC/Src/usbd_cdc.c.obj
                0x08005afc                USBD_CDC_GetDeviceQualifierDescriptor
 .text.USBD_CDC_DataOut
                0x08005b08       0x2a CMakeFiles/stablex.elf.dir/Middlewares/ST/STM32_USB_Device_Library/Class/CDC/Src/usbd_cdc.c.obj
 .text.USBD_CDC_DataIn
                0x08005b32       0x6a CMakeFiles/stablex.elf.dir/Middlewares/ST/STM32_USB_Device_Library/Class/CDC/Src/usbd_cdc.c.obj
 .text.USBD_CDC_Setup
                0x08005b9c       0xf4 CMakeFiles/stablex.elf.dir/Middlewares/ST/STM32_USB_Device_Library/Class/CDC/Src/usbd_cdc.c.obj
 .text.USBD_CDC_DeInit
                0x08005c90       0x48 CMakeFiles/stablex.elf.dir/Middlewares/ST/STM32_USB_Device_Library/Class/CDC/Src/usbd_cdc.c.obj
 .text.USBD_CDC_Init
                0x08005cd8       0xc2 CMakeFiles/stablex.elf.dir/Middlewares/ST/STM32_USB_Device_Library/Class/CDC/Src/usbd_cdc.c.obj
 .text.USBD_CDC_RegisterInterface
                0x08005d9a        0xe CMakeFiles/stablex.elf.dir/Middlewares/ST/STM32_USB_Device_Library/Class/CDC/Src/usbd_cdc.c.obj
                0x08005d9a                USBD_CDC_RegisterInterface
 .text.USBD_CDC_SetTxBuffer
                0x08005da8       0x16 CMakeFiles/stablex.elf.dir/Middlewares/ST/STM32_USB_Device_Library/Class/CDC/Src/usbd_cdc.c.obj
                0x08005da8                USBD_CDC_SetTxBuffer
 .text.USBD_CDC_SetRxBuffer
                0x08005dbe       0x12 CMakeFiles/stablex.elf.dir/Middlewares/ST/STM32_USB_Device_Library/Class/CDC/Src/usbd_cdc.c.obj
                0x08005dbe                USBD_CDC_SetRxBuffer
 .text.USBD_CDC_TransmitPacket
                0x08005dd0       0x34 CMakeFiles/stablex.elf.dir/Middlewares/ST/STM32_USB_Device_Library/Class/CDC/Src/usbd_cdc.c.obj
                0x08005dd0                USBD_CDC_TransmitPacket
 .text.USBD_CDC_ReceivePacket
                0x08005e04       0x32 CMakeFiles/stablex.elf.dir/Middlewares/ST/STM32_USB_Device_Library/Class/CDC/Src/usbd_cdc.c.obj
                0x08005e04                USBD_CDC_ReceivePacket
 .text.USBD_Init
                0x08005e36       0x2e CMakeFiles/stablex.elf.dir/Middlewares/ST/STM32_USB_Device_Library/Core/Src/usbd_core.c.obj
                0x08005e36                USBD_Init
 .text.USBD_RegisterClass
                0x08005e64       0x2e CMakeFiles/stablex.elf.dir/Middlewares/ST/STM32_USB_Device_Library/Core/Src/usbd_core.c.obj
                0x08005e64                USBD_RegisterClass
 .text.USBD_Start
                0x08005e92        0x8 CMakeFiles/stablex.elf.dir/Middlewares/ST/STM32_USB_Device_Library/Core/Src/usbd_core.c.obj
                0x08005e92                USBD_Start
 .text.USBD_SetClassConfig
                0x08005e9a       0x12 CMakeFiles/stablex.elf.dir/Middlewares/ST/STM32_USB_Device_Library/Core/Src/usbd_core.c.obj
                0x08005e9a                USBD_SetClassConfig
 .text.USBD_ClrClassConfig
                0x08005eac       0x10 CMakeFiles/stablex.elf.dir/Middlewares/ST/STM32_USB_Device_Library/Core/Src/usbd_core.c.obj
                0x08005eac                USBD_ClrClassConfig
 .text.USBD_LL_SetupStage
                0x08005ebc       0x58 CMakeFiles/stablex.elf.dir/Middlewares/ST/STM32_USB_Device_Library/Core/Src/usbd_core.c.obj
                0x08005ebc                USBD_LL_SetupStage
 .text.USBD_LL_DataOutStage
                0x08005f14       0x78 CMakeFiles/stablex.elf.dir/Middlewares/ST/STM32_USB_Device_Library/Core/Src/usbd_core.c.obj
                0x08005f14                USBD_LL_DataOutStage
 .text.USBD_LL_DataInStage
                0x08005f8c       0xbe CMakeFiles/stablex.elf.dir/Middlewares/ST/STM32_USB_Device_Library/Core/Src/usbd_core.c.obj
                0x08005f8c                USBD_LL_DataInStage
 .text.USBD_LL_Reset
                0x0800604a       0x5a CMakeFiles/stablex.elf.dir/Middlewares/ST/STM32_USB_Device_Library/Core/Src/usbd_core.c.obj
                0x0800604a                USBD_LL_Reset
 .text.USBD_LL_SetSpeed
                0x080060a4        0x6 CMakeFiles/stablex.elf.dir/Middlewares/ST/STM32_USB_Device_Library/Core/Src/usbd_core.c.obj
                0x080060a4                USBD_LL_SetSpeed
 .text.USBD_LL_Suspend
                0x080060aa       0x14 CMakeFiles/stablex.elf.dir/Middlewares/ST/STM32_USB_Device_Library/Core/Src/usbd_core.c.obj
                0x080060aa                USBD_LL_Suspend
 .text.USBD_LL_Resume
                0x080060be       0x1a CMakeFiles/stablex.elf.dir/Middlewares/ST/STM32_USB_Device_Library/Core/Src/usbd_core.c.obj
                0x080060be                USBD_LL_Resume
 .text.USBD_LL_SOF
                0x080060d8       0x28 CMakeFiles/stablex.elf.dir/Middlewares/ST/STM32_USB_Device_Library/Core/Src/usbd_core.c.obj
                0x080060d8                USBD_LL_SOF
 .text.USBD_GetLen
                0x08006100       0x14 CMakeFiles/stablex.elf.dir/Middlewares/ST/STM32_USB_Device_Library/Core/Src/usbd_ctlreq.c.obj
 .text.USBD_SetFeature
                0x08006114       0x14 CMakeFiles/stablex.elf.dir/Middlewares/ST/STM32_USB_Device_Library/Core/Src/usbd_ctlreq.c.obj
 .text.USBD_ParseSetupRequest
                0x08006128       0x28 CMakeFiles/stablex.elf.dir/Middlewares/ST/STM32_USB_Device_Library/Core/Src/usbd_ctlreq.c.obj
                0x08006128                USBD_ParseSetupRequest
 .text.USBD_CtlError
                0x08006150       0x14 CMakeFiles/stablex.elf.dir/Middlewares/ST/STM32_USB_Device_Library/Core/Src/usbd_ctlreq.c.obj
                0x08006150                USBD_CtlError
 .text.USBD_GetDescriptor
                0x08006164      0x1ac CMakeFiles/stablex.elf.dir/Middlewares/ST/STM32_USB_Device_Library/Core/Src/usbd_ctlreq.c.obj
 .text.USBD_SetAddress
                0x08006310       0x50 CMakeFiles/stablex.elf.dir/Middlewares/ST/STM32_USB_Device_Library/Core/Src/usbd_ctlreq.c.obj
 .text.USBD_SetConfig
                0x08006360       0xc8 CMakeFiles/stablex.elf.dir/Middlewares/ST/STM32_USB_Device_Library/Core/Src/usbd_ctlreq.c.obj
 .text.USBD_GetConfig
                0x08006428       0x40 CMakeFiles/stablex.elf.dir/Middlewares/ST/STM32_USB_Device_Library/Core/Src/usbd_ctlreq.c.obj
 .text.USBD_GetStatus
                0x08006468       0x38 CMakeFiles/stablex.elf.dir/Middlewares/ST/STM32_USB_Device_Library/Core/Src/usbd_ctlreq.c.obj
 .text.USBD_ClrFeature
                0x080064a0       0x26 CMakeFiles/stablex.elf.dir/Middlewares/ST/STM32_USB_Device_Library/Core/Src/usbd_ctlreq.c.obj
 .text.USBD_StdDevReq
                0x080064c6       0x70 CMakeFiles/stablex.elf.dir/Middlewares/ST/STM32_USB_Device_Library/Core/Src/usbd_ctlreq.c.obj
                0x080064c6                USBD_StdDevReq
 .text.USBD_StdItfReq
                0x08006536       0x68 CMakeFiles/stablex.elf.dir/Middlewares/ST/STM32_USB_Device_Library/Core/Src/usbd_ctlreq.c.obj
                0x08006536                USBD_StdItfReq
 .text.USBD_StdEPReq
                0x0800659e      0x1ec CMakeFiles/stablex.elf.dir/Middlewares/ST/STM32_USB_Device_Library/Core/Src/usbd_ctlreq.c.obj
                0x0800659e                USBD_StdEPReq
 .text.USBD_GetString
                0x0800678a       0x3a CMakeFiles/stablex.elf.dir/Middlewares/ST/STM32_USB_Device_Library/Core/Src/usbd_ctlreq.c.obj
                0x0800678a                USBD_GetString
 .text.USBD_CtlSendData
                0x080067c4       0x1a CMakeFiles/stablex.elf.dir/Middlewares/ST/STM32_USB_Device_Library/Core/Src/usbd_ioreq.c.obj
                0x080067c4                USBD_CtlSendData
 .text.USBD_CtlContinueSendData
                0x080067de       0x10 CMakeFiles/stablex.elf.dir/Middlewares/ST/STM32_USB_Device_Library/Core/Src/usbd_ioreq.c.obj
                0x080067de                USBD_CtlContinueSendData
 .text.USBD_CtlPrepareRx
                0x080067ee       0x1e CMakeFiles/stablex.elf.dir/Middlewares/ST/STM32_USB_Device_Library/Core/Src/usbd_ioreq.c.obj
                0x080067ee                USBD_CtlPrepareRx
 .text.USBD_CtlContinueRx
                0x0800680c       0x10 CMakeFiles/stablex.elf.dir/Middlewares/ST/STM32_USB_Device_Library/Core/Src/usbd_ioreq.c.obj
                0x0800680c                USBD_CtlContinueRx
 .text.USBD_CtlSendStatus
                0x0800681c       0x16 CMakeFiles/stablex.elf.dir/Middlewares/ST/STM32_USB_Device_Library/Core/Src/usbd_ioreq.c.obj
                0x0800681c                USBD_CtlSendStatus
 .text.USBD_CtlReceiveStatus
                0x08006832       0x16 CMakeFiles/stablex.elf.dir/Middlewares/ST/STM32_USB_Device_Library/Core/Src/usbd_ioreq.c.obj
                0x08006832                USBD_CtlReceiveStatus
 .text.MX_USB_Device_Init
                0x08006848       0x54 CMakeFiles/stablex.elf.dir/USB_Device/App/usb_device.c.obj
                0x08006848                MX_USB_Device_Init
 .text.CDC_DeInit_FS
                0x0800689c        0x4 CMakeFiles/stablex.elf.dir/USB_Device/App/usbd_cdc_if.c.obj
 .text.CDC_Control_FS
                0x080068a0        0x4 CMakeFiles/stablex.elf.dir/USB_Device/App/usbd_cdc_if.c.obj
 .text.CDC_TransmitCplt_FS
                0x080068a4        0x4 CMakeFiles/stablex.elf.dir/USB_Device/App/usbd_cdc_if.c.obj
 .text.CDC_Receive_FS
                0x080068a8       0x1c CMakeFiles/stablex.elf.dir/USB_Device/App/usbd_cdc_if.c.obj
 .text.CDC_Init_FS
                0x080068c4       0x28 CMakeFiles/stablex.elf.dir/USB_Device/App/usbd_cdc_if.c.obj
 .text.CDC_Transmit_FS
                0x080068ec       0x2c CMakeFiles/stablex.elf.dir/USB_Device/App/usbd_cdc_if.c.obj
                0x080068ec                CDC_Transmit_FS
 .text.USBD_CDC_DeviceDescriptor
                0x08006918        0xc CMakeFiles/stablex.elf.dir/USB_Device/App/usbd_desc.c.obj
                0x08006918                USBD_CDC_DeviceDescriptor
 .text.USBD_CDC_LangIDStrDescriptor
                0x08006924        0xc CMakeFiles/stablex.elf.dir/USB_Device/App/usbd_desc.c.obj
                0x08006924                USBD_CDC_LangIDStrDescriptor
 .text.IntToUnicode
                0x08006930       0x46 CMakeFiles/stablex.elf.dir/USB_Device/App/usbd_desc.c.obj
 *fill*         0x08006976        0x2 
 .text.Get_SerialNum
                0x08006978       0x38 CMakeFiles/stablex.elf.dir/USB_Device/App/usbd_desc.c.obj
 .text.USBD_CDC_SerialStrDescriptor
                0x080069b0       0x14 CMakeFiles/stablex.elf.dir/USB_Device/App/usbd_desc.c.obj
                0x080069b0                USBD_CDC_SerialStrDescriptor
 .text.USBD_CDC_ProductStrDescriptor
                0x080069c4       0x24 CMakeFiles/stablex.elf.dir/USB_Device/App/usbd_desc.c.obj
                0x080069c4                USBD_CDC_ProductStrDescriptor
 .text.USBD_CDC_ManufacturerStrDescriptor
                0x080069e8       0x1c CMakeFiles/stablex.elf.dir/USB_Device/App/usbd_desc.c.obj
                0x080069e8                USBD_CDC_ManufacturerStrDescriptor
 .text.USBD_CDC_ConfigStrDescriptor
                0x08006a04       0x24 CMakeFiles/stablex.elf.dir/USB_Device/App/usbd_desc.c.obj
                0x08006a04                USBD_CDC_ConfigStrDescriptor
 .text.USBD_CDC_InterfaceStrDescriptor
                0x08006a28       0x24 CMakeFiles/stablex.elf.dir/USB_Device/App/usbd_desc.c.obj
                0x08006a28                USBD_CDC_InterfaceStrDescriptor
 .text.USBD_Get_USB_Status
                0x08006a4c       0x14 CMakeFiles/stablex.elf.dir/USB_Device/Target/usbd_conf.c.obj
 .text.SystemClockConfig_Resume
                0x08006a60        0x8 CMakeFiles/stablex.elf.dir/USB_Device/Target/usbd_conf.c.obj
 .text.HAL_PCD_MspInit
                0x08006a68       0x64 CMakeFiles/stablex.elf.dir/USB_Device/Target/usbd_conf.c.obj
                0x08006a68                HAL_PCD_MspInit
 .text.HAL_PCD_SetupStageCallback
                0x08006acc       0x10 CMakeFiles/stablex.elf.dir/USB_Device/Target/usbd_conf.c.obj
                0x08006acc                HAL_PCD_SetupStageCallback
 .text.HAL_PCD_DataOutStageCallback
                0x08006adc       0x18 CMakeFiles/stablex.elf.dir/USB_Device/Target/usbd_conf.c.obj
                0x08006adc                HAL_PCD_DataOutStageCallback
 .text.HAL_PCD_DataInStageCallback
                0x08006af4       0x16 CMakeFiles/stablex.elf.dir/USB_Device/Target/usbd_conf.c.obj
                0x08006af4                HAL_PCD_DataInStageCallback
 .text.HAL_PCD_SOFCallback
                0x08006b0a        0xc CMakeFiles/stablex.elf.dir/USB_Device/Target/usbd_conf.c.obj
                0x08006b0a                HAL_PCD_SOFCallback
 .text.HAL_PCD_ResetCallback
                0x08006b16       0x24 CMakeFiles/stablex.elf.dir/USB_Device/Target/usbd_conf.c.obj
                0x08006b16                HAL_PCD_ResetCallback
 *fill*         0x08006b3a        0x2 
 .text.HAL_PCD_SuspendCallback
                0x08006b3c       0x20 CMakeFiles/stablex.elf.dir/USB_Device/Target/usbd_conf.c.obj
                0x08006b3c                HAL_PCD_SuspendCallback
 .text.HAL_PCD_ResumeCallback
                0x08006b5c       0x28 CMakeFiles/stablex.elf.dir/USB_Device/Target/usbd_conf.c.obj
                0x08006b5c                HAL_PCD_ResumeCallback
 .text.USBD_LL_Init
                0x08006b84       0x88 CMakeFiles/stablex.elf.dir/USB_Device/Target/usbd_conf.c.obj
                0x08006b84                USBD_LL_Init
 .text.USBD_LL_Start
                0x08006c0c       0x10 CMakeFiles/stablex.elf.dir/USB_Device/Target/usbd_conf.c.obj
                0x08006c0c                USBD_LL_Start
 .text.USBD_LL_OpenEP
                0x08006c1c       0x16 CMakeFiles/stablex.elf.dir/USB_Device/Target/usbd_conf.c.obj
                0x08006c1c                USBD_LL_OpenEP
 .text.USBD_LL_CloseEP
                0x08006c32       0x10 CMakeFiles/stablex.elf.dir/USB_Device/Target/usbd_conf.c.obj
                0x08006c32                USBD_LL_CloseEP
 .text.USBD_LL_StallEP
                0x08006c42       0x10 CMakeFiles/stablex.elf.dir/USB_Device/Target/usbd_conf.c.obj
                0x08006c42                USBD_LL_StallEP
 .text.USBD_LL_ClearStallEP
                0x08006c52       0x10 CMakeFiles/stablex.elf.dir/USB_Device/Target/usbd_conf.c.obj
                0x08006c52                USBD_LL_ClearStallEP
 .text.USBD_LL_IsStallEP
                0x08006c62       0x2e CMakeFiles/stablex.elf.dir/USB_Device/Target/usbd_conf.c.obj
                0x08006c62                USBD_LL_IsStallEP
 .text.USBD_LL_SetUSBAddress
                0x08006c90       0x10 CMakeFiles/stablex.elf.dir/USB_Device/Target/usbd_conf.c.obj
                0x08006c90                USBD_LL_SetUSBAddress
 .text.USBD_LL_Transmit
                0x08006ca0       0x10 CMakeFiles/stablex.elf.dir/USB_Device/Target/usbd_conf.c.obj
                0x08006ca0                USBD_LL_Transmit
 .text.USBD_LL_PrepareReceive
                0x08006cb0       0x10 CMakeFiles/stablex.elf.dir/USB_Device/Target/usbd_conf.c.obj
                0x08006cb0                USBD_LL_PrepareReceive
 .text.USBD_LL_GetRxDataSize
                0x08006cc0        0xc CMakeFiles/stablex.elf.dir/USB_Device/Target/usbd_conf.c.obj
                0x08006cc0                USBD_LL_GetRxDataSize
 .text.HAL_PCDEx_LPM_Callback
                0x08006ccc       0x48 CMakeFiles/stablex.elf.dir/USB_Device/Target/usbd_conf.c.obj
                0x08006ccc                HAL_PCDEx_LPM_Callback
 .text.USBD_static_malloc
                0x08006d14        0x8 CMakeFiles/stablex.elf.dir/USB_Device/Target/usbd_conf.c.obj
                0x08006d14                USBD_static_malloc
 .text.USBD_static_free
                0x08006d1c        0x2 CMakeFiles/stablex.elf.dir/USB_Device/Target/usbd_conf.c.obj
                0x08006d1c                USBD_static_free
 *fill*         0x08006d1e        0x2 
 .text.__errno  0x08006d20        0xc e:/myinstall/arm-none-eabi/bin/../lib/gcc/arm-none-eabi/10.3.1/../../../../arm-none-eabi/lib/thumb/v7e-m/nofp\libg.a(lib_a-errno.o)
                0x08006d20                __errno
 .text.__libc_init_array
                0x08006d2c       0x48 e:/myinstall/arm-none-eabi/bin/../lib/gcc/arm-none-eabi/10.3.1/../../../../arm-none-eabi/lib/thumb/v7e-m/nofp\libg.a(lib_a-init.o)
                0x08006d2c                __libc_init_array
 .text.memset   0x08006d74       0xa4 e:/myinstall/arm-none-eabi/bin/../lib/gcc/arm-none-eabi/10.3.1/../../../../arm-none-eabi/lib/thumb/v7e-m/nofp\libg.a(lib_a-memset.o)
                0x08006d74                memset
 .text.sprintf  0x08006e18       0x40 e:/myinstall/arm-none-eabi/bin/../lib/gcc/arm-none-eabi/10.3.1/../../../../arm-none-eabi/lib/thumb/v7e-m/nofp\libg.a(lib_a-sprintf.o)
                0x08006e18                sprintf
 .text._svfprintf_r
                0x08006e58     0x1a3c e:/myinstall/arm-none-eabi/bin/../lib/gcc/arm-none-eabi/10.3.1/../../../../arm-none-eabi/lib/thumb/v7e-m/nofp\libg.a(lib_a-svfprintf.o)
                0x08006e58                _svfprintf_r
 .text.startup.register_fini
                0x08008894       0x14 e:/myinstall/arm-none-eabi/bin/../lib/gcc/arm-none-eabi/10.3.1/../../../../arm-none-eabi/lib/thumb/v7e-m/nofp\libg.a(lib_a-__call_atexit.o)
 .text.atexit   0x080088a8        0xc e:/myinstall/arm-none-eabi/bin/../lib/gcc/arm-none-eabi/10.3.1/../../../../arm-none-eabi/lib/thumb/v7e-m/nofp\libg.a(lib_a-atexit.o)
                0x080088a8                atexit
 .text.quorem   0x080088b4      0x124 e:/myinstall/arm-none-eabi/bin/../lib/gcc/arm-none-eabi/10.3.1/../../../../arm-none-eabi/lib/thumb/v7e-m/nofp\libg.a(lib_a-dtoa.o)
 .text._dtoa_r  0x080089d8      0xec4 e:/myinstall/arm-none-eabi/bin/../lib/gcc/arm-none-eabi/10.3.1/../../../../arm-none-eabi/lib/thumb/v7e-m/nofp\libg.a(lib_a-dtoa.o)
                0x080089d8                _dtoa_r
 .text.__libc_fini_array
                0x0800989c       0x2c e:/myinstall/arm-none-eabi/bin/../lib/gcc/arm-none-eabi/10.3.1/../../../../arm-none-eabi/lib/thumb/v7e-m/nofp\libg.a(lib_a-fini.o)
                0x0800989c                __libc_fini_array
 .text._malloc_trim_r
                0x080098c8       0xa0 e:/myinstall/arm-none-eabi/bin/../lib/gcc/arm-none-eabi/10.3.1/../../../../arm-none-eabi/lib/thumb/v7e-m/nofp\libg.a(lib_a-freer.o)
                0x080098c8                _malloc_trim_r
 .text._free_r  0x08009968      0x20c e:/myinstall/arm-none-eabi/bin/../lib/gcc/arm-none-eabi/10.3.1/../../../../arm-none-eabi/lib/thumb/v7e-m/nofp\libg.a(lib_a-freer.o)
                0x08009968                _free_r
 .text._localeconv_r
                0x08009b74        0x8 e:/myinstall/arm-none-eabi/bin/../lib/gcc/arm-none-eabi/10.3.1/../../../../arm-none-eabi/lib/thumb/v7e-m/nofp\libg.a(lib_a-localeconv.o)
                0x08009b74                _localeconv_r
 .text.__retarget_lock_init_recursive
                0x08009b7c        0x4 e:/myinstall/arm-none-eabi/bin/../lib/gcc/arm-none-eabi/10.3.1/../../../../arm-none-eabi/lib/thumb/v7e-m/nofp\libg.a(lib_a-lock.o)
                0x08009b7c                __retarget_lock_init_recursive
 .text.__retarget_lock_close_recursive
                0x08009b80        0x4 e:/myinstall/arm-none-eabi/bin/../lib/gcc/arm-none-eabi/10.3.1/../../../../arm-none-eabi/lib/thumb/v7e-m/nofp\libg.a(lib_a-lock.o)
                0x08009b80                __retarget_lock_close_recursive
 .text.__retarget_lock_acquire_recursive
                0x08009b84        0x4 e:/myinstall/arm-none-eabi/bin/../lib/gcc/arm-none-eabi/10.3.1/../../../../arm-none-eabi/lib/thumb/v7e-m/nofp\libg.a(lib_a-lock.o)
                0x08009b84                __retarget_lock_acquire_recursive
 .text.__retarget_lock_release_recursive
                0x08009b88        0x4 e:/myinstall/arm-none-eabi/bin/../lib/gcc/arm-none-eabi/10.3.1/../../../../arm-none-eabi/lib/thumb/v7e-m/nofp\libg.a(lib_a-lock.o)
                0x08009b88                __retarget_lock_release_recursive
 .text._malloc_r
                0x08009b8c      0x560 e:/myinstall/arm-none-eabi/bin/../lib/gcc/arm-none-eabi/10.3.1/../../../../arm-none-eabi/lib/thumb/v7e-m/nofp\libg.a(lib_a-mallocr.o)
                0x08009b8c                _malloc_r
 .text.__malloc_lock
                0x0800a0ec        0xc e:/myinstall/arm-none-eabi/bin/../lib/gcc/arm-none-eabi/10.3.1/../../../../arm-none-eabi/lib/thumb/v7e-m/nofp\libg.a(lib_a-mlock.o)
                0x0800a0ec                __malloc_lock
 .text.__malloc_unlock
                0x0800a0f8        0xc e:/myinstall/arm-none-eabi/bin/../lib/gcc/arm-none-eabi/10.3.1/../../../../arm-none-eabi/lib/thumb/v7e-m/nofp\libg.a(lib_a-mlock.o)
                0x0800a0f8                __malloc_unlock
 .text._Balloc  0x0800a104       0x4c e:/myinstall/arm-none-eabi/bin/../lib/gcc/arm-none-eabi/10.3.1/../../../../arm-none-eabi/lib/thumb/v7e-m/nofp\libg.a(lib_a-mprec.o)
                0x0800a104                _Balloc
 .text._Bfree   0x0800a150       0x14 e:/myinstall/arm-none-eabi/bin/../lib/gcc/arm-none-eabi/10.3.1/../../../../arm-none-eabi/lib/thumb/v7e-m/nofp\libg.a(lib_a-mprec.o)
                0x0800a150                _Bfree
 .text.__multadd
                0x0800a164       0xa0 e:/myinstall/arm-none-eabi/bin/../lib/gcc/arm-none-eabi/10.3.1/../../../../arm-none-eabi/lib/thumb/v7e-m/nofp\libg.a(lib_a-mprec.o)
                0x0800a164                __multadd
 .text.__hi0bits
                0x0800a204       0x40 e:/myinstall/arm-none-eabi/bin/../lib/gcc/arm-none-eabi/10.3.1/../../../../arm-none-eabi/lib/thumb/v7e-m/nofp\libg.a(lib_a-mprec.o)
                0x0800a204                __hi0bits
 .text.__lo0bits
                0x0800a244       0x5c e:/myinstall/arm-none-eabi/bin/../lib/gcc/arm-none-eabi/10.3.1/../../../../arm-none-eabi/lib/thumb/v7e-m/nofp\libg.a(lib_a-mprec.o)
                0x0800a244                __lo0bits
 .text.__i2b    0x0800a2a0       0x5c e:/myinstall/arm-none-eabi/bin/../lib/gcc/arm-none-eabi/10.3.1/../../../../arm-none-eabi/lib/thumb/v7e-m/nofp\libg.a(lib_a-mprec.o)
                0x0800a2a0                __i2b
 .text.__multiply
                0x0800a2fc      0x15c e:/myinstall/arm-none-eabi/bin/../lib/gcc/arm-none-eabi/10.3.1/../../../../arm-none-eabi/lib/thumb/v7e-m/nofp\libg.a(lib_a-mprec.o)
                0x0800a2fc                __multiply
 .text.__pow5mult
                0x0800a458       0xc0 e:/myinstall/arm-none-eabi/bin/../lib/gcc/arm-none-eabi/10.3.1/../../../../arm-none-eabi/lib/thumb/v7e-m/nofp\libg.a(lib_a-mprec.o)
                0x0800a458                __pow5mult
 .text.__lshift
                0x0800a518       0xf0 e:/myinstall/arm-none-eabi/bin/../lib/gcc/arm-none-eabi/10.3.1/../../../../arm-none-eabi/lib/thumb/v7e-m/nofp\libg.a(lib_a-mprec.o)
                0x0800a518                __lshift
 .text.__mcmp   0x0800a608       0x40 e:/myinstall/arm-none-eabi/bin/../lib/gcc/arm-none-eabi/10.3.1/../../../../arm-none-eabi/lib/thumb/v7e-m/nofp\libg.a(lib_a-mprec.o)
                0x0800a608                __mcmp
 .text.__mdiff  0x0800a648      0x14c e:/myinstall/arm-none-eabi/bin/../lib/gcc/arm-none-eabi/10.3.1/../../../../arm-none-eabi/lib/thumb/v7e-m/nofp\libg.a(lib_a-mprec.o)
                0x0800a648                __mdiff
 .text.__d2b    0x0800a794       0xc4 e:/myinstall/arm-none-eabi/bin/../lib/gcc/arm-none-eabi/10.3.1/../../../../arm-none-eabi/lib/thumb/v7e-m/nofp\libg.a(lib_a-mprec.o)
                0x0800a794                __d2b
 .text.frexp    0x0800a858       0x70 e:/myinstall/arm-none-eabi/bin/../lib/gcc/arm-none-eabi/10.3.1/../../../../arm-none-eabi/lib/thumb/v7e-m/nofp\libg.a(lib_a-s_frexp.o)
                0x0800a858                frexp
 .text._sbrk_r  0x0800a8c8       0x24 e:/myinstall/arm-none-eabi/bin/../lib/gcc/arm-none-eabi/10.3.1/../../../../arm-none-eabi/lib/thumb/v7e-m/nofp\libg.a(lib_a-sbrkr.o)
                0x0800a8c8                _sbrk_r
 .text.strncpy  0x0800a8ec       0x64 e:/myinstall/arm-none-eabi/bin/../lib/gcc/arm-none-eabi/10.3.1/../../../../arm-none-eabi/lib/thumb/v7e-m/nofp\libg.a(lib_a-strncpy.o)
                0x0800a8ec                strncpy
 .text.__ssprint_r
                0x0800a950       0xf8 e:/myinstall/arm-none-eabi/bin/../lib/gcc/arm-none-eabi/10.3.1/../../../../arm-none-eabi/lib/thumb/v7e-m/nofp\libg.a(lib_a-svfiprintf.o)
                0x0800a950                __ssprint_r
 .text.__register_exitproc
                0x0800aa48       0x8c e:/myinstall/arm-none-eabi/bin/../lib/gcc/arm-none-eabi/10.3.1/../../../../arm-none-eabi/lib/thumb/v7e-m/nofp\libg.a(lib_a-__atexit.o)
                0x0800aa48                __register_exitproc
 .text.__assert_func
                0x0800aad4       0x40 e:/myinstall/arm-none-eabi/bin/../lib/gcc/arm-none-eabi/10.3.1/../../../../arm-none-eabi/lib/thumb/v7e-m/nofp\libg.a(lib_a-assert.o)
                0x0800aad4                __assert_func
 .text._calloc_r
                0x0800ab14       0x78 e:/myinstall/arm-none-eabi/bin/../lib/gcc/arm-none-eabi/10.3.1/../../../../arm-none-eabi/lib/thumb/v7e-m/nofp\libg.a(lib_a-callocr.o)
                0x0800ab14                _calloc_r
 .text.fiprintf
                0x0800ab8c       0x28 e:/myinstall/arm-none-eabi/bin/../lib/gcc/arm-none-eabi/10.3.1/../../../../arm-none-eabi/lib/thumb/v7e-m/nofp\libg.a(lib_a-fiprintf.o)
                0x0800ab8c                fiprintf
 .text.__locale_mb_cur_max
                0x0800abb4        0xc e:/myinstall/arm-none-eabi/bin/../lib/gcc/arm-none-eabi/10.3.1/../../../../arm-none-eabi/lib/thumb/v7e-m/nofp\libg.a(lib_a-locale.o)
                0x0800abb4                __locale_mb_cur_max
 .text.__ascii_mbtowc
                0x0800abc0       0x2c e:/myinstall/arm-none-eabi/bin/../lib/gcc/arm-none-eabi/10.3.1/../../../../arm-none-eabi/lib/thumb/v7e-m/nofp\libg.a(lib_a-mbtowc_r.o)
                0x0800abc0                __ascii_mbtowc
 .text.memmove  0x0800abec       0xf8 e:/myinstall/arm-none-eabi/bin/../lib/gcc/arm-none-eabi/10.3.1/../../../../arm-none-eabi/lib/thumb/v7e-m/nofp\libg.a(lib_a-memmove.o)
                0x0800abec                memmove
 .text._realloc_r
                0x0800ace4      0x3d8 e:/myinstall/arm-none-eabi/bin/../lib/gcc/arm-none-eabi/10.3.1/../../../../arm-none-eabi/lib/thumb/v7e-m/nofp\libg.a(lib_a-reallocr.o)
                0x0800ace4                _realloc_r
 .text.__sprint_r.part.0
                0x0800b0bc       0x78 e:/myinstall/arm-none-eabi/bin/../lib/gcc/arm-none-eabi/10.3.1/../../../../arm-none-eabi/lib/thumb/v7e-m/nofp\libg.a(lib_a-vfiprintf.o)
 .text._vfiprintf_r
                0x0800b134      0xda0 e:/myinstall/arm-none-eabi/bin/../lib/gcc/arm-none-eabi/10.3.1/../../../../arm-none-eabi/lib/thumb/v7e-m/nofp\libg.a(lib_a-vfiprintf.o)
                0x0800b134                _vfiprintf_r
 .text.__sbprintf
                0x0800bed4       0x80 e:/myinstall/arm-none-eabi/bin/../lib/gcc/arm-none-eabi/10.3.1/../../../../arm-none-eabi/lib/thumb/v7e-m/nofp\libg.a(lib_a-vfiprintf.o)
 .text.__ascii_wctomb
                0x0800bf54       0x1c e:/myinstall/arm-none-eabi/bin/../lib/gcc/arm-none-eabi/10.3.1/../../../../arm-none-eabi/lib/thumb/v7e-m/nofp\libg.a(lib_a-wctomb_r.o)
                0x0800bf54                __ascii_wctomb
 .text.__swsetup_r
                0x0800bf70       0xd4 e:/myinstall/arm-none-eabi/bin/../lib/gcc/arm-none-eabi/10.3.1/../../../../arm-none-eabi/lib/thumb/v7e-m/nofp\libg.a(lib_a-wsetup.o)
                0x0800bf70                __swsetup_r
 .text.abort    0x0800c044       0x10 e:/myinstall/arm-none-eabi/bin/../lib/gcc/arm-none-eabi/10.3.1/../../../../arm-none-eabi/lib/thumb/v7e-m/nofp\libg.a(lib_a-abort.o)
                0x0800c044                abort
 .text.__sflush_r
                0x0800c054      0x120 e:/myinstall/arm-none-eabi/bin/../lib/gcc/arm-none-eabi/10.3.1/../../../../arm-none-eabi/lib/thumb/v7e-m/nofp\libg.a(lib_a-fflush.o)
                0x0800c054                __sflush_r
 .text._fflush_r
                0x0800c174       0x5c e:/myinstall/arm-none-eabi/bin/../lib/gcc/arm-none-eabi/10.3.1/../../../../arm-none-eabi/lib/thumb/v7e-m/nofp\libg.a(lib_a-fflush.o)
                0x0800c174                _fflush_r
 .text._cleanup_r
                0x0800c1d0        0xc e:/myinstall/arm-none-eabi/bin/../lib/gcc/arm-none-eabi/10.3.1/../../../../arm-none-eabi/lib/thumb/v7e-m/nofp\libg.a(lib_a-findfp.o)
                0x0800c1d0                _cleanup_r
 .text.__sinit  0x0800c1dc      0x10c e:/myinstall/arm-none-eabi/bin/../lib/gcc/arm-none-eabi/10.3.1/../../../../arm-none-eabi/lib/thumb/v7e-m/nofp\libg.a(lib_a-findfp.o)
                0x0800c1dc                __sinit
 .text.__sfp_lock_acquire
                0x0800c2e8        0xc e:/myinstall/arm-none-eabi/bin/../lib/gcc/arm-none-eabi/10.3.1/../../../../arm-none-eabi/lib/thumb/v7e-m/nofp\libg.a(lib_a-findfp.o)
                0x0800c2e8                __sfp_lock_acquire
 .text.__sfp_lock_release
                0x0800c2f4        0xc e:/myinstall/arm-none-eabi/bin/../lib/gcc/arm-none-eabi/10.3.1/../../../../arm-none-eabi/lib/thumb/v7e-m/nofp\libg.a(lib_a-findfp.o)
                0x0800c2f4                __sfp_lock_release
 .text.__fputwc
                0x0800c300       0xa8 e:/myinstall/arm-none-eabi/bin/../lib/gcc/arm-none-eabi/10.3.1/../../../../arm-none-eabi/lib/thumb/v7e-m/nofp\libg.a(lib_a-fputwc.o)
                0x0800c300                __fputwc
 .text._fputwc_r
                0x0800c3a8       0x68 e:/myinstall/arm-none-eabi/bin/../lib/gcc/arm-none-eabi/10.3.1/../../../../arm-none-eabi/lib/thumb/v7e-m/nofp\libg.a(lib_a-fputwc.o)
                0x0800c3a8                _fputwc_r
 .text.__sfvwrite_r
                0x0800c410      0x2e8 e:/myinstall/arm-none-eabi/bin/../lib/gcc/arm-none-eabi/10.3.1/../../../../arm-none-eabi/lib/thumb/v7e-m/nofp\libg.a(lib_a-fvwrite.o)
                0x0800c410                __sfvwrite_r
 .text._fwalk_reent
                0x0800c6f8       0x48 e:/myinstall/arm-none-eabi/bin/../lib/gcc/arm-none-eabi/10.3.1/../../../../arm-none-eabi/lib/thumb/v7e-m/nofp\libg.a(lib_a-fwalk.o)
                0x0800c6f8                _fwalk_reent
 .text.__smakebuf_r
                0x0800c740       0xe0 e:/myinstall/arm-none-eabi/bin/../lib/gcc/arm-none-eabi/10.3.1/../../../../arm-none-eabi/lib/thumb/v7e-m/nofp\libg.a(lib_a-makebuf.o)
                0x0800c740                __smakebuf_r
 .text.raise    0x0800c820       0x5c e:/myinstall/arm-none-eabi/bin/../lib/gcc/arm-none-eabi/10.3.1/../../../../arm-none-eabi/lib/thumb/v7e-m/nofp\libg.a(lib_a-signal.o)
                0x0800c820                raise
 .text._kill_r  0x0800c87c       0x2c e:/myinstall/arm-none-eabi/bin/../lib/gcc/arm-none-eabi/10.3.1/../../../../arm-none-eabi/lib/thumb/v7e-m/nofp\libg.a(lib_a-signalr.o)
                0x0800c87c                _kill_r
 .text._getpid_r
                0x0800c8a8        0x4 e:/myinstall/arm-none-eabi/bin/../lib/gcc/arm-none-eabi/10.3.1/../../../../arm-none-eabi/lib/thumb/v7e-m/nofp\libg.a(lib_a-signalr.o)
                0x0800c8a8                _getpid_r
 .text.__sread  0x0800c8ac       0x24 e:/myinstall/arm-none-eabi/bin/../lib/gcc/arm-none-eabi/10.3.1/../../../../arm-none-eabi/lib/thumb/v7e-m/nofp\libg.a(lib_a-stdio.o)
                0x0800c8ac                __sread
 .text.__swrite
                0x0800c8d0       0x40 e:/myinstall/arm-none-eabi/bin/../lib/gcc/arm-none-eabi/10.3.1/../../../../arm-none-eabi/lib/thumb/v7e-m/nofp\libg.a(lib_a-stdio.o)
                0x0800c8d0                __swrite
 .text.__sseek  0x0800c910       0x20 e:/myinstall/arm-none-eabi/bin/../lib/gcc/arm-none-eabi/10.3.1/../../../../arm-none-eabi/lib/thumb/v7e-m/nofp\libg.a(lib_a-stdio.o)
                0x0800c910                __sseek
 .text.__sclose
                0x0800c930        0x8 e:/myinstall/arm-none-eabi/bin/../lib/gcc/arm-none-eabi/10.3.1/../../../../arm-none-eabi/lib/thumb/v7e-m/nofp\libg.a(lib_a-stdio.o)
                0x0800c930                __sclose
 .text.__swbuf_r
                0x0800c938       0xb0 e:/myinstall/arm-none-eabi/bin/../lib/gcc/arm-none-eabi/10.3.1/../../../../arm-none-eabi/lib/thumb/v7e-m/nofp\libg.a(lib_a-wbuf.o)
                0x0800c938                __swbuf_r
 .text._wcrtomb_r
                0x0800c9e8       0x3c e:/myinstall/arm-none-eabi/bin/../lib/gcc/arm-none-eabi/10.3.1/../../../../arm-none-eabi/lib/thumb/v7e-m/nofp\libg.a(lib_a-wcrtomb.o)
                0x0800c9e8                _wcrtomb_r
 .text._write_r
                0x0800ca24       0x2c e:/myinstall/arm-none-eabi/bin/../lib/gcc/arm-none-eabi/10.3.1/../../../../arm-none-eabi/lib/thumb/v7e-m/nofp\libg.a(lib_a-writer.o)
                0x0800ca24                _write_r
 .text._close_r
                0x0800ca50       0x24 e:/myinstall/arm-none-eabi/bin/../lib/gcc/arm-none-eabi/10.3.1/../../../../arm-none-eabi/lib/thumb/v7e-m/nofp\libg.a(lib_a-closer.o)
                0x0800ca50                _close_r
 .text._fclose_r
                0x0800ca74       0xcc e:/myinstall/arm-none-eabi/bin/../lib/gcc/arm-none-eabi/10.3.1/../../../../arm-none-eabi/lib/thumb/v7e-m/nofp\libg.a(lib_a-fclose.o)
                0x0800ca74                _fclose_r
 .text._fstat_r
                0x0800cb40       0x2c e:/myinstall/arm-none-eabi/bin/../lib/gcc/arm-none-eabi/10.3.1/../../../../arm-none-eabi/lib/thumb/v7e-m/nofp\libg.a(lib_a-fstatr.o)
                0x0800cb40                _fstat_r
 .text._isatty_r
                0x0800cb6c       0x24 e:/myinstall/arm-none-eabi/bin/../lib/gcc/arm-none-eabi/10.3.1/../../../../arm-none-eabi/lib/thumb/v7e-m/nofp\libg.a(lib_a-isattyr.o)
                0x0800cb6c                _isatty_r
 .text._lseek_r
                0x0800cb90       0x2c e:/myinstall/arm-none-eabi/bin/../lib/gcc/arm-none-eabi/10.3.1/../../../../arm-none-eabi/lib/thumb/v7e-m/nofp\libg.a(lib_a-lseekr.o)
                0x0800cb90                _lseek_r
 .text._read_r  0x0800cbbc       0x2c e:/myinstall/arm-none-eabi/bin/../lib/gcc/arm-none-eabi/10.3.1/../../../../arm-none-eabi/lib/thumb/v7e-m/nofp\libg.a(lib_a-readr.o)
                0x0800cbbc                _read_r
 *(.glue_7)
 .glue_7        0x0800cbe8        0x0 linker stubs
 *(.glue_7t)
 .glue_7t       0x0800cbe8        0x0 linker stubs
 *(.eh_frame)
 .eh_frame      0x0800cbe8        0x0 e:/myinstall/arm-none-eabi/bin/../lib/gcc/arm-none-eabi/10.3.1/thumb/v7e-m/nofp/crtbegin.o
 *(.init)
 .init          0x0800cbe8        0x4 e:/myinstall/arm-none-eabi/bin/../lib/gcc/arm-none-eabi/10.3.1/thumb/v7e-m/nofp/crti.o
                0x0800cbe8                _init
 .init          0x0800cbec        0x8 e:/myinstall/arm-none-eabi/bin/../lib/gcc/arm-none-eabi/10.3.1/thumb/v7e-m/nofp/crtn.o
 *(.fini)
 .fini          0x0800cbf4        0x4 e:/myinstall/arm-none-eabi/bin/../lib/gcc/arm-none-eabi/10.3.1/thumb/v7e-m/nofp/crti.o
                0x0800cbf4                _fini
 .fini          0x0800cbf8        0x8 e:/myinstall/arm-none-eabi/bin/../lib/gcc/arm-none-eabi/10.3.1/thumb/v7e-m/nofp/crtn.o
                0x0800cc00                . = ALIGN (0x4)
                0x0800cc00                _etext = .

.vfp11_veneer   0x0800cc00        0x0
 .vfp11_veneer  0x0800cc00        0x0 linker stubs

.v4_bx          0x0800cc00        0x0
 .v4_bx         0x0800cc00        0x0 linker stubs

.iplt           0x0800cc00        0x0
 .iplt          0x0800cc00        0x0 e:/myinstall/arm-none-eabi/bin/../lib/gcc/arm-none-eabi/10.3.1/thumb/v7e-m/nofp/crtbegin.o

.rodata         0x0800cc00      0x4d0
                0x0800cc00                . = ALIGN (0x4)
 *(.rodata)
 *(.rodata*)
 .rodata.main.str1.4
                0x0800cc00       0x45 CMakeFiles/stablex.elf.dir/Core/Src/main.c.obj
 *fill*         0x0800cc45        0x3 
 .rodata.AHBPrescTable
                0x0800cc48       0x10 CMakeFiles/stablex.elf.dir/Core/Src/system_stm32g4xx.c.obj
                0x0800cc48                AHBPrescTable
 .rodata.APBPrescTable
                0x0800cc58        0x8 CMakeFiles/stablex.elf.dir/Core/Src/system_stm32g4xx.c.obj
                0x0800cc58                APBPrescTable
 .rodata.UARTPrescTable
                0x0800cc60       0x18 CMakeFiles/stablex.elf.dir/Drivers/STM32G4xx_HAL_Driver/Src/stm32g4xx_hal_uart.c.obj
                0x0800cc60                UARTPrescTable
 .rodata.denominator.0
                0x0800cc78        0x8 CMakeFiles/stablex.elf.dir/Drivers/STM32G4xx_HAL_Driver/Src/stm32g4xx_hal_uart_ex.c.obj
 .rodata.numerator.1
                0x0800cc80        0x8 CMakeFiles/stablex.elf.dir/Drivers/STM32G4xx_HAL_Driver/Src/stm32g4xx_hal_uart_ex.c.obj
 .rodata.USBD_CDC_ProductStrDescriptor.str1.4
                0x0800cc88       0x16 CMakeFiles/stablex.elf.dir/USB_Device/App/usbd_desc.c.obj
 *fill*         0x0800cc9e        0x2 
 .rodata.USBD_CDC_ManufacturerStrDescriptor.str1.4
                0x0800cca0       0x13 CMakeFiles/stablex.elf.dir/USB_Device/App/usbd_desc.c.obj
 *fill*         0x0800ccb3        0x1 
 .rodata.USBD_CDC_ConfigStrDescriptor.str1.4
                0x0800ccb4        0xb CMakeFiles/stablex.elf.dir/USB_Device/App/usbd_desc.c.obj
 *fill*         0x0800ccbf        0x1 
 .rodata.USBD_CDC_InterfaceStrDescriptor.str1.4
                0x0800ccc0        0xe CMakeFiles/stablex.elf.dir/USB_Device/App/usbd_desc.c.obj
 *fill*         0x0800ccce        0x2 
 .rodata._global_impure_ptr
                0x0800ccd0        0x4 e:/myinstall/arm-none-eabi/bin/../lib/gcc/arm-none-eabi/10.3.1/../../../../arm-none-eabi/lib/thumb/v7e-m/nofp\libg.a(lib_a-impure.o)
                0x0800ccd0                _global_impure_ptr
 .rodata._svfprintf_r.str1.4
                0x0800ccd4       0x42 e:/myinstall/arm-none-eabi/bin/../lib/gcc/arm-none-eabi/10.3.1/../../../../arm-none-eabi/lib/thumb/v7e-m/nofp\libg.a(lib_a-svfprintf.o)
 *fill*         0x0800cd16        0x2 
 .rodata.blanks.1
                0x0800cd18       0x10 e:/myinstall/arm-none-eabi/bin/../lib/gcc/arm-none-eabi/10.3.1/../../../../arm-none-eabi/lib/thumb/v7e-m/nofp\libg.a(lib_a-svfprintf.o)
 .rodata.zeroes.0
                0x0800cd28       0x10 e:/myinstall/arm-none-eabi/bin/../lib/gcc/arm-none-eabi/10.3.1/../../../../arm-none-eabi/lib/thumb/v7e-m/nofp\libg.a(lib_a-svfprintf.o)
 .rodata._dtoa_r.str1.4
                0x0800cd38       0xa2 e:/myinstall/arm-none-eabi/bin/../lib/gcc/arm-none-eabi/10.3.1/../../../../arm-none-eabi/lib/thumb/v7e-m/nofp\libg.a(lib_a-dtoa.o)
                                 0xa6 (size before relaxing)
 *fill*         0x0800cdda        0x2 
 .rodata.__multadd.str1.4
                0x0800cddc       0x7f e:/myinstall/arm-none-eabi/bin/../lib/gcc/arm-none-eabi/10.3.1/../../../../arm-none-eabi/lib/thumb/v7e-m/nofp\libg.a(lib_a-mprec.o)
                                 0x93 (size before relaxing)
 *fill*         0x0800ce5b        0x5 
 .rodata.__mprec_bigtens
                0x0800ce60       0x28 e:/myinstall/arm-none-eabi/bin/../lib/gcc/arm-none-eabi/10.3.1/../../../../arm-none-eabi/lib/thumb/v7e-m/nofp\libg.a(lib_a-mprec.o)
                0x0800ce60                __mprec_bigtens
 .rodata.__mprec_tens
                0x0800ce88       0xc8 e:/myinstall/arm-none-eabi/bin/../lib/gcc/arm-none-eabi/10.3.1/../../../../arm-none-eabi/lib/thumb/v7e-m/nofp\libg.a(lib_a-mprec.o)
                0x0800ce88                __mprec_tens
 .rodata.p05.0  0x0800cf50        0xc e:/myinstall/arm-none-eabi/bin/../lib/gcc/arm-none-eabi/10.3.1/../../../../arm-none-eabi/lib/thumb/v7e-m/nofp\libg.a(lib_a-mprec.o)
 .rodata.__assert_func.str1.4
                0x0800cf5c       0x3f e:/myinstall/arm-none-eabi/bin/../lib/gcc/arm-none-eabi/10.3.1/../../../../arm-none-eabi/lib/thumb/v7e-m/nofp\libg.a(lib_a-assert.o)
                                 0x43 (size before relaxing)
 *fill*         0x0800cf9b        0x1 
 .rodata._setlocale_r.str1.4
                0x0800cf9c        0xa e:/myinstall/arm-none-eabi/bin/../lib/gcc/arm-none-eabi/10.3.1/../../../../arm-none-eabi/lib/thumb/v7e-m/nofp\libg.a(lib_a-locale.o)
                                  0xd (size before relaxing)
 *fill*         0x0800cfa6        0x2 
 .rodata.str1.4
                0x0800cfa8        0x2 e:/myinstall/arm-none-eabi/bin/../lib/gcc/arm-none-eabi/10.3.1/../../../../arm-none-eabi/lib/thumb/v7e-m/nofp\libg.a(lib_a-locale.o)
 .rodata._vfiprintf_r.str1.4
                0x0800cfaa       0x2f e:/myinstall/arm-none-eabi/bin/../lib/gcc/arm-none-eabi/10.3.1/../../../../arm-none-eabi/lib/thumb/v7e-m/nofp\libg.a(lib_a-vfiprintf.o)
 *fill*         0x0800cfaa        0x2 
 .rodata.blanks.1
                0x0800cfac       0x10 e:/myinstall/arm-none-eabi/bin/../lib/gcc/arm-none-eabi/10.3.1/../../../../arm-none-eabi/lib/thumb/v7e-m/nofp\libg.a(lib_a-vfiprintf.o)
 .rodata.zeroes.0
                0x0800cfbc       0x10 e:/myinstall/arm-none-eabi/bin/../lib/gcc/arm-none-eabi/10.3.1/../../../../arm-none-eabi/lib/thumb/v7e-m/nofp\libg.a(lib_a-vfiprintf.o)
 .rodata._ctype_
                0x0800cfcc      0x101 e:/myinstall/arm-none-eabi/bin/../lib/gcc/arm-none-eabi/10.3.1/../../../../arm-none-eabi/lib/thumb/v7e-m/nofp\libg.a(lib_a-ctype_.o)
                0x0800cfcc                _ctype_
                0x0800d0d0                . = ALIGN (0x4)
 *fill*         0x0800d0cd        0x3 

.ARM.extab      0x0800d0d0        0x0
                0x0800d0d0                . = ALIGN (0x4)
 *(.ARM.extab* .gnu.linkonce.armextab.*)
                0x0800d0d0                . = ALIGN (0x4)

.ARM            0x0800d0d0        0x8
                0x0800d0d0                . = ALIGN (0x4)
                0x0800d0d0                __exidx_start = .
 *(.ARM.exidx*)
 .ARM.exidx     0x0800d0d0        0x8 e:/myinstall/arm-none-eabi/bin/../lib/gcc/arm-none-eabi/10.3.1/thumb/v7e-m/nofp\libgcc.a(_udivmoddi4.o)
                0x0800d0d8                __exidx_end = .
                0x0800d0d8                . = ALIGN (0x4)

.rel.dyn        0x0800d0d8        0x0
 .rel.iplt      0x0800d0d8        0x0 e:/myinstall/arm-none-eabi/bin/../lib/gcc/arm-none-eabi/10.3.1/thumb/v7e-m/nofp/crtbegin.o

.preinit_array  0x0800d0d8        0x0
                0x0800d0d8                . = ALIGN (0x4)
                0x0800d0d8                PROVIDE (__preinit_array_start = .)
 *(.preinit_array*)
                0x0800d0d8                PROVIDE (__preinit_array_end = .)
                0x0800d0d8                . = ALIGN (0x4)

.init_array     0x0800d0d8        0x8
                0x0800d0d8                . = ALIGN (0x4)
                0x0800d0d8                PROVIDE (__init_array_start = .)
 *(SORT_BY_NAME(.init_array.*))
 .init_array.00000
                0x0800d0d8        0x4 e:/myinstall/arm-none-eabi/bin/../lib/gcc/arm-none-eabi/10.3.1/../../../../arm-none-eabi/lib/thumb/v7e-m/nofp\libg.a(lib_a-__call_atexit.o)
 *(.init_array*)
 .init_array    0x0800d0dc        0x4 e:/myinstall/arm-none-eabi/bin/../lib/gcc/arm-none-eabi/10.3.1/thumb/v7e-m/nofp/crtbegin.o
                0x0800d0e0                PROVIDE (__init_array_end = .)
                0x0800d0e0                . = ALIGN (0x4)

.fini_array     0x0800d0e0        0x4
                0x0800d0e0                . = ALIGN (0x4)
                0x0800d0e0                PROVIDE (__fini_array_start = .)
 *(SORT_BY_NAME(.fini_array.*))
 *(.fini_array*)
 .fini_array    0x0800d0e0        0x4 e:/myinstall/arm-none-eabi/bin/../lib/gcc/arm-none-eabi/10.3.1/thumb/v7e-m/nofp/crtbegin.o
                0x0800d0e4                PROVIDE (__fini_array_end = .)
                0x0800d0e4                . = ALIGN (0x4)
                0x0800d0e4                _sidata = LOADADDR (.data)

.data           0x20000000      0xb30 load address 0x0800d0e4
                0x20000000                . = ALIGN (0x4)
                0x20000000                _sdata = .
 *(.data)
 *(.data*)
 .data.SystemCoreClock
                0x20000000        0x4 CMakeFiles/stablex.elf.dir/Core/Src/system_stm32g4xx.c.obj
                0x20000000                SystemCoreClock
 .data.uwTickFreq
                0x20000004        0x4 CMakeFiles/stablex.elf.dir/Drivers/STM32G4xx_HAL_Driver/Src/stm32g4xx_hal.c.obj
                0x20000004                uwTickFreq
 .data.uwTickPrio
                0x20000008        0x4 CMakeFiles/stablex.elf.dir/Drivers/STM32G4xx_HAL_Driver/Src/stm32g4xx_hal.c.obj
                0x20000008                uwTickPrio
 .data.USBD_CDC
                0x2000000c       0x38 CMakeFiles/stablex.elf.dir/Middlewares/ST/STM32_USB_Device_Library/Class/CDC/Src/usbd_cdc.c.obj
                0x2000000c                USBD_CDC
 .data.USBD_CDC_CfgFSDesc
                0x20000044       0x43 CMakeFiles/stablex.elf.dir/Middlewares/ST/STM32_USB_Device_Library/Class/CDC/Src/usbd_cdc.c.obj
 *fill*         0x20000087        0x1 
 .data.USBD_CDC_CfgHSDesc
                0x20000088       0x43 CMakeFiles/stablex.elf.dir/Middlewares/ST/STM32_USB_Device_Library/Class/CDC/Src/usbd_cdc.c.obj
 *fill*         0x200000cb        0x1 
 .data.USBD_CDC_DeviceQualifierDesc
                0x200000cc        0xa CMakeFiles/stablex.elf.dir/Middlewares/ST/STM32_USB_Device_Library/Class/CDC/Src/usbd_cdc.c.obj
 *fill*         0x200000d6        0x2 
 .data.USBD_CDC_OtherSpeedCfgDesc
                0x200000d8       0x43 CMakeFiles/stablex.elf.dir/Middlewares/ST/STM32_USB_Device_Library/Class/CDC/Src/usbd_cdc.c.obj
 *fill*         0x2000011b        0x1 
 .data.USBD_Interface_fops_FS
                0x2000011c       0x14 CMakeFiles/stablex.elf.dir/USB_Device/App/usbd_cdc_if.c.obj
                0x2000011c                USBD_Interface_fops_FS
 .data.CDC_Desc
                0x20000130       0x20 CMakeFiles/stablex.elf.dir/USB_Device/App/usbd_desc.c.obj
                0x20000130                CDC_Desc
 .data.USBD_CDC_DeviceDesc
                0x20000150       0x12 CMakeFiles/stablex.elf.dir/USB_Device/App/usbd_desc.c.obj
                0x20000150                USBD_CDC_DeviceDesc
 *fill*         0x20000162        0x2 
 .data.USBD_LangIDDesc
                0x20000164        0x4 CMakeFiles/stablex.elf.dir/USB_Device/App/usbd_desc.c.obj
                0x20000164                USBD_LangIDDesc
 .data.USBD_StringSerial
                0x20000168       0x1a CMakeFiles/stablex.elf.dir/USB_Device/App/usbd_desc.c.obj
                0x20000168                USBD_StringSerial
 *fill*         0x20000182        0x2 
 .data._impure_ptr
                0x20000184        0x4 e:/myinstall/arm-none-eabi/bin/../lib/gcc/arm-none-eabi/10.3.1/../../../../arm-none-eabi/lib/thumb/v7e-m/nofp\libg.a(lib_a-impure.o)
                0x20000184                _impure_ptr
 .data.impure_data
                0x20000188      0x428 e:/myinstall/arm-none-eabi/bin/../lib/gcc/arm-none-eabi/10.3.1/../../../../arm-none-eabi/lib/thumb/v7e-m/nofp\libg.a(lib_a-impure.o)
 .data.__atexit_recursive_mutex
                0x200005b0        0x4 e:/myinstall/arm-none-eabi/bin/../lib/gcc/arm-none-eabi/10.3.1/../../../../arm-none-eabi/lib/thumb/v7e-m/nofp\libg.a(lib_a-__call_atexit.o)
                0x200005b0                __atexit_recursive_mutex
 .data.__malloc_av_
                0x200005b4      0x408 e:/myinstall/arm-none-eabi/bin/../lib/gcc/arm-none-eabi/10.3.1/../../../../arm-none-eabi/lib/thumb/v7e-m/nofp\libg.a(lib_a-mallocr.o)
                0x200005b4                __malloc_av_
 .data.__malloc_sbrk_base
                0x200009bc        0x4 e:/myinstall/arm-none-eabi/bin/../lib/gcc/arm-none-eabi/10.3.1/../../../../arm-none-eabi/lib/thumb/v7e-m/nofp\libg.a(lib_a-mallocr.o)
                0x200009bc                __malloc_sbrk_base
 .data.__malloc_trim_threshold
                0x200009c0        0x4 e:/myinstall/arm-none-eabi/bin/../lib/gcc/arm-none-eabi/10.3.1/../../../../arm-none-eabi/lib/thumb/v7e-m/nofp\libg.a(lib_a-mallocr.o)
                0x200009c0                __malloc_trim_threshold
 .data.__global_locale
                0x200009c4      0x16c e:/myinstall/arm-none-eabi/bin/../lib/gcc/arm-none-eabi/10.3.1/../../../../arm-none-eabi/lib/thumb/v7e-m/nofp\libg.a(lib_a-locale.o)
                0x200009c4                __global_locale
 *(.RamFunc)
 *(.RamFunc*)
                0x20000b30                . = ALIGN (0x4)
                0x20000b30                _edata = .

.igot.plt       0x20000b30        0x0 load address 0x0800dc14
 .igot.plt      0x20000b30        0x0 e:/myinstall/arm-none-eabi/bin/../lib/gcc/arm-none-eabi/10.3.1/thumb/v7e-m/nofp/crtbegin.o
                0x20000b30                . = ALIGN (0x4)

.bss            0x20000b30     0x14d0 load address 0x0800dc14
                0x20000b30                _sbss = .
                0x20000b30                __bss_start__ = _sbss
 *(.bss)
 .bss           0x20000b30       0x1c e:/myinstall/arm-none-eabi/bin/../lib/gcc/arm-none-eabi/10.3.1/thumb/v7e-m/nofp/crtbegin.o
 *(.bss*)
 .bss.hi2c1     0x20000b4c       0x4c CMakeFiles/stablex.elf.dir/Core/Src/i2c.c.obj
                0x20000b4c                hi2c1
 .bss.raw_data  0x20000b98       0x80 CMakeFiles/stablex.elf.dir/Core/Src/main.c.obj
                0x20000b98                raw_data
 .bss.__sbrk_heap_end
                0x20000c18        0x4 CMakeFiles/stablex.elf.dir/Core/Src/sysmem.c.obj
 .bss.huart1    0x20000c1c       0x90 CMakeFiles/stablex.elf.dir/Core/Src/usart.c.obj
                0x20000c1c                huart1
 .bss.huart2    0x20000cac       0x90 CMakeFiles/stablex.elf.dir/Core/Src/usart.c.obj
                0x20000cac                huart2
 .bss.huart3    0x20000d3c       0x90 CMakeFiles/stablex.elf.dir/Core/Src/usart.c.obj
                0x20000d3c                huart3
 .bss.uwTick    0x20000dcc        0x4 CMakeFiles/stablex.elf.dir/Drivers/STM32G4xx_HAL_Driver/Src/stm32g4xx_hal.c.obj
                0x20000dcc                uwTick
 .bss.cfgidx.0  0x20000dd0        0x1 CMakeFiles/stablex.elf.dir/Middlewares/ST/STM32_USB_Device_Library/Core/Src/usbd_ctlreq.c.obj
 *fill*         0x20000dd1        0x3 
 .bss.hUsbDeviceFS
                0x20000dd4      0x2d0 CMakeFiles/stablex.elf.dir/USB_Device/App/usb_device.c.obj
                0x20000dd4                hUsbDeviceFS
 .bss.UserRxBufferFS
                0x200010a4      0x400 CMakeFiles/stablex.elf.dir/USB_Device/App/usbd_cdc_if.c.obj
                0x200010a4                UserRxBufferFS
 .bss.UserTxBufferFS
                0x200014a4      0x400 CMakeFiles/stablex.elf.dir/USB_Device/App/usbd_cdc_if.c.obj
                0x200014a4                UserTxBufferFS
 .bss.USBD_StrDesc
                0x200018a4      0x200 CMakeFiles/stablex.elf.dir/USB_Device/App/usbd_desc.c.obj
                0x200018a4                USBD_StrDesc
 .bss.hpcd_USB_FS
                0x20001aa4      0x2f4 CMakeFiles/stablex.elf.dir/USB_Device/Target/usbd_conf.c.obj
                0x20001aa4                hpcd_USB_FS
 .bss.mem.0     0x20001d98      0x220 CMakeFiles/stablex.elf.dir/USB_Device/Target/usbd_conf.c.obj
 .bss.__lock___atexit_recursive_mutex
                0x20001fb8        0x1 e:/myinstall/arm-none-eabi/bin/../lib/gcc/arm-none-eabi/10.3.1/../../../../arm-none-eabi/lib/thumb/v7e-m/nofp\libg.a(lib_a-lock.o)
                0x20001fb8                __lock___atexit_recursive_mutex
 *fill*         0x20001fb9        0x3 
 .bss.__lock___malloc_recursive_mutex
                0x20001fbc        0x1 e:/myinstall/arm-none-eabi/bin/../lib/gcc/arm-none-eabi/10.3.1/../../../../arm-none-eabi/lib/thumb/v7e-m/nofp\libg.a(lib_a-lock.o)
                0x20001fbc                __lock___malloc_recursive_mutex
 *fill*         0x20001fbd        0x3 
 .bss.__lock___sfp_recursive_mutex
                0x20001fc0        0x1 e:/myinstall/arm-none-eabi/bin/../lib/gcc/arm-none-eabi/10.3.1/../../../../arm-none-eabi/lib/thumb/v7e-m/nofp\libg.a(lib_a-lock.o)
                0x20001fc0                __lock___sfp_recursive_mutex
 *fill*         0x20001fc1        0x3 
 .bss.__lock___sinit_recursive_mutex
                0x20001fc4        0x1 e:/myinstall/arm-none-eabi/bin/../lib/gcc/arm-none-eabi/10.3.1/../../../../arm-none-eabi/lib/thumb/v7e-m/nofp\libg.a(lib_a-lock.o)
                0x20001fc4                __lock___sinit_recursive_mutex
 *fill*         0x20001fc5        0x3 
 .bss.__malloc_current_mallinfo
                0x20001fc8       0x28 e:/myinstall/arm-none-eabi/bin/../lib/gcc/arm-none-eabi/10.3.1/../../../../arm-none-eabi/lib/thumb/v7e-m/nofp\libg.a(lib_a-mallocr.o)
                0x20001fc8                __malloc_current_mallinfo
 .bss.__malloc_max_sbrked_mem
                0x20001ff0        0x4 e:/myinstall/arm-none-eabi/bin/../lib/gcc/arm-none-eabi/10.3.1/../../../../arm-none-eabi/lib/thumb/v7e-m/nofp\libg.a(lib_a-mallocr.o)
                0x20001ff0                __malloc_max_sbrked_mem
 .bss.__malloc_max_total_mem
                0x20001ff4        0x4 e:/myinstall/arm-none-eabi/bin/../lib/gcc/arm-none-eabi/10.3.1/../../../../arm-none-eabi/lib/thumb/v7e-m/nofp\libg.a(lib_a-mallocr.o)
                0x20001ff4                __malloc_max_total_mem
 .bss.__malloc_top_pad
                0x20001ff8        0x4 e:/myinstall/arm-none-eabi/bin/../lib/gcc/arm-none-eabi/10.3.1/../../../../arm-none-eabi/lib/thumb/v7e-m/nofp\libg.a(lib_a-mallocr.o)
                0x20001ff8                __malloc_top_pad
 .bss.errno     0x20001ffc        0x4 e:/myinstall/arm-none-eabi/bin/../lib/gcc/arm-none-eabi/10.3.1/../../../../arm-none-eabi/lib/thumb/v7e-m/nofp\libg.a(lib_a-reent.o)
                0x20001ffc                errno
 *(COMMON)
                0x20002000                . = ALIGN (0x4)
                0x20002000                _ebss = .
                0x20002000                __bss_end__ = _ebss

._user_heap_stack
                0x20002000      0x600 load address 0x0800dc14
                0x20002000                . = ALIGN (0x8)
                [!provide]                PROVIDE (end = .)
                0x20002000                PROVIDE (_end = .)
                0x20002200                . = (. + _Min_Heap_Size)
 *fill*         0x20002000      0x200 
                0x20002600                . = (. + _Min_Stack_Size)
 *fill*         0x20002200      0x400 
                0x20002600                . = ALIGN (0x8)

/DISCARD/
 libc.a(*)
 libm.a(*)
 libgcc.a(*)

.ARM.attributes
                0x00000000       0x2a
 *(.ARM.attributes)
 .ARM.attributes
                0x00000000       0x1e e:/myinstall/arm-none-eabi/bin/../lib/gcc/arm-none-eabi/10.3.1/thumb/v7e-m/nofp/crti.o
 .ARM.attributes
                0x0000001e       0x2e e:/myinstall/arm-none-eabi/bin/../lib/gcc/arm-none-eabi/10.3.1/thumb/v7e-m/nofp/crtbegin.o
 .ARM.attributes
                0x0000004c       0x2e CMakeFiles/stablex.elf.dir/Core/Src/gpio.c.obj
 .ARM.attributes
                0x0000007a       0x2e CMakeFiles/stablex.elf.dir/Core/Src/i2c.c.obj
 .ARM.attributes
                0x000000a8       0x2e CMakeFiles/stablex.elf.dir/Core/Src/main.c.obj
 .ARM.attributes
                0x000000d6       0x2e CMakeFiles/stablex.elf.dir/Core/Src/stm32g4xx_hal_msp.c.obj
 .ARM.attributes
                0x00000104       0x2e CMakeFiles/stablex.elf.dir/Core/Src/stm32g4xx_it.c.obj
 .ARM.attributes
                0x00000132       0x2e CMakeFiles/stablex.elf.dir/Core/Src/syscalls.c.obj
 .ARM.attributes
                0x00000160       0x2e CMakeFiles/stablex.elf.dir/Core/Src/sysmem.c.obj
 .ARM.attributes
                0x0000018e       0x2e CMakeFiles/stablex.elf.dir/Core/Src/system_stm32g4xx.c.obj
 .ARM.attributes
                0x000001bc       0x2e CMakeFiles/stablex.elf.dir/Core/Src/usart.c.obj
 .ARM.attributes
                0x000001ea       0x21 CMakeFiles/stablex.elf.dir/Core/Startup/startup_stm32g431cbtx.s.obj
 .ARM.attributes
                0x0000020b       0x2e CMakeFiles/stablex.elf.dir/Drivers/STM32G4xx_HAL_Driver/Src/stm32g4xx_hal.c.obj
 .ARM.attributes
                0x00000239       0x2e CMakeFiles/stablex.elf.dir/Drivers/STM32G4xx_HAL_Driver/Src/stm32g4xx_hal_cortex.c.obj
 .ARM.attributes
                0x00000267       0x2e CMakeFiles/stablex.elf.dir/Drivers/STM32G4xx_HAL_Driver/Src/stm32g4xx_hal_gpio.c.obj
 .ARM.attributes
                0x00000295       0x2e CMakeFiles/stablex.elf.dir/Drivers/STM32G4xx_HAL_Driver/Src/stm32g4xx_hal_i2c.c.obj
 .ARM.attributes
                0x000002c3       0x2e CMakeFiles/stablex.elf.dir/Drivers/STM32G4xx_HAL_Driver/Src/stm32g4xx_hal_i2c_ex.c.obj
 .ARM.attributes
                0x000002f1       0x2e CMakeFiles/stablex.elf.dir/Drivers/STM32G4xx_HAL_Driver/Src/stm32g4xx_hal_pcd.c.obj
 .ARM.attributes
                0x0000031f       0x2e CMakeFiles/stablex.elf.dir/Drivers/STM32G4xx_HAL_Driver/Src/stm32g4xx_hal_pcd_ex.c.obj
 .ARM.attributes
                0x0000034d       0x2e CMakeFiles/stablex.elf.dir/Drivers/STM32G4xx_HAL_Driver/Src/stm32g4xx_hal_pwr_ex.c.obj
 .ARM.attributes
                0x0000037b       0x2e CMakeFiles/stablex.elf.dir/Drivers/STM32G4xx_HAL_Driver/Src/stm32g4xx_hal_rcc.c.obj
 .ARM.attributes
                0x000003a9       0x2e CMakeFiles/stablex.elf.dir/Drivers/STM32G4xx_HAL_Driver/Src/stm32g4xx_hal_rcc_ex.c.obj
 .ARM.attributes
                0x000003d7       0x2e CMakeFiles/stablex.elf.dir/Drivers/STM32G4xx_HAL_Driver/Src/stm32g4xx_hal_uart.c.obj
 .ARM.attributes
                0x00000405       0x2e CMakeFiles/stablex.elf.dir/Drivers/STM32G4xx_HAL_Driver/Src/stm32g4xx_hal_uart_ex.c.obj
 .ARM.attributes
                0x00000433       0x2e CMakeFiles/stablex.elf.dir/Drivers/STM32G4xx_HAL_Driver/Src/stm32g4xx_ll_usb.c.obj
 .ARM.attributes
                0x00000461       0x2e CMakeFiles/stablex.elf.dir/Middlewares/ST/STM32_USB_Device_Library/Class/CDC/Src/usbd_cdc.c.obj
 .ARM.attributes
                0x0000048f       0x2e CMakeFiles/stablex.elf.dir/Middlewares/ST/STM32_USB_Device_Library/Core/Src/usbd_core.c.obj
 .ARM.attributes
                0x000004bd       0x2e CMakeFiles/stablex.elf.dir/Middlewares/ST/STM32_USB_Device_Library/Core/Src/usbd_ctlreq.c.obj
 .ARM.attributes
                0x000004eb       0x2e CMakeFiles/stablex.elf.dir/Middlewares/ST/STM32_USB_Device_Library/Core/Src/usbd_ioreq.c.obj
 .ARM.attributes
                0x00000519       0x2e CMakeFiles/stablex.elf.dir/USB_Device/App/usb_device.c.obj
 .ARM.attributes
                0x00000547       0x2e CMakeFiles/stablex.elf.dir/USB_Device/App/usbd_cdc_if.c.obj
 .ARM.attributes
                0x00000575       0x2e CMakeFiles/stablex.elf.dir/USB_Device/App/usbd_desc.c.obj
 .ARM.attributes
                0x000005a3       0x2e CMakeFiles/stablex.elf.dir/USB_Device/Target/usbd_conf.c.obj
 .ARM.attributes
                0x000005d1       0x1e e:/myinstall/arm-none-eabi/bin/../lib/gcc/arm-none-eabi/10.3.1/thumb/v7e-m/nofp\libgcc.a(_arm_addsubdf3.o)
 .ARM.attributes
                0x000005ef       0x1e e:/myinstall/arm-none-eabi/bin/../lib/gcc/arm-none-eabi/10.3.1/thumb/v7e-m/nofp\libgcc.a(_arm_addsubsf3.o)
 .ARM.attributes
                0x0000060d       0x1e e:/myinstall/arm-none-eabi/bin/../lib/gcc/arm-none-eabi/10.3.1/thumb/v7e-m/nofp\libgcc.a(_arm_muldivsf3.o)
 .ARM.attributes
                0x0000062b       0x1e e:/myinstall/arm-none-eabi/bin/../lib/gcc/arm-none-eabi/10.3.1/thumb/v7e-m/nofp\libgcc.a(_aeabi_uldivmod.o)
 .ARM.attributes
                0x00000649       0x2e e:/myinstall/arm-none-eabi/bin/../lib/gcc/arm-none-eabi/10.3.1/thumb/v7e-m/nofp\libgcc.a(_udivmoddi4.o)